<!doctype html public "-//w3c//dtd html 4.0 transitional//en">
<html><head>
<title>Static Call Graph - [Desktop\Desktop.axf]</title></head>
<body><HR>
<H1>Static Call Graph for image Desktop\Desktop.axf</H1><HR>
<BR><P>#&#060CALLGRAPH&#062# ARM Linker, 5060960: Last Updated: Wed Nov 30 08:52:17 2022
<BR><P>
<H3>Maximum Stack Usage =        940 bytes + Unknown(Cycles, Untraceable Function Pointers)</H3><H3>
Call chain for Maximum Stack Depth:</H3>
lv_img_design &rArr; lv_draw_img &rArr; lv_img_draw_core &rArr; lv_draw_label &rArr; lv_draw_rect &rArr; lv_draw_shadow &rArr; lv_draw_shadow_full &rArr; lv_draw_shadow_full_straight &rArr; lv_draw_fill &rArr; sw_color_fill &rArr; lv_color_mix
<P>
<H3>
Mutually Recursive functions
</H3> <LI><a href="#[26]">CAN1_RX0_IRQHandler</a>&nbsp;&nbsp;&nbsp;&rArr;&nbsp;&nbsp;&nbsp;<a href="#[26]">CAN1_RX0_IRQHandler</a><BR>
 <LI><a href="#[c]">BusFault_Handler</a>&nbsp;&nbsp;&nbsp;&rArr;&nbsp;&nbsp;&nbsp;<a href="#[c]">BusFault_Handler</a><BR>
 <LI><a href="#[a]">HardFault_Handler</a>&nbsp;&nbsp;&nbsp;&rArr;&nbsp;&nbsp;&nbsp;<a href="#[a]">HardFault_Handler</a><BR>
 <LI><a href="#[b]">MemManage_Handler</a>&nbsp;&nbsp;&nbsp;&rArr;&nbsp;&nbsp;&nbsp;<a href="#[b]">MemManage_Handler</a><BR>
 <LI><a href="#[9]">NMI_Handler</a>&nbsp;&nbsp;&nbsp;&rArr;&nbsp;&nbsp;&nbsp;<a href="#[9]">NMI_Handler</a><BR>
 <LI><a href="#[82]">StartDefaultTask</a>&nbsp;&nbsp;&nbsp;&rArr;&nbsp;&nbsp;&nbsp;<a href="#[82]">StartDefaultTask</a><BR>
 <LI><a href="#[246]">lv_obj_get_screen</a>&nbsp;&nbsp;&nbsp;&rArr;&nbsp;&nbsp;&nbsp;<a href="#[246]">lv_obj_get_screen</a><BR>
 <LI><a href="#[248]">refresh_children_position</a>&nbsp;&nbsp;&nbsp;&rArr;&nbsp;&nbsp;&nbsp;<a href="#[248]">refresh_children_position</a><BR>
 <LI><a href="#[87]">StartFan_speed</a>&nbsp;&nbsp;&nbsp;&rArr;&nbsp;&nbsp;&nbsp;<a href="#[87]">StartFan_speed</a><BR>
 <LI><a href="#[249]">refresh_children_style</a>&nbsp;&nbsp;&nbsp;&rArr;&nbsp;&nbsp;&nbsp;<a href="#[249]">refresh_children_style</a><BR>
 <LI><a href="#[1ee]">lv_event_send_func</a>&nbsp;&nbsp;&nbsp;&rArr;&nbsp;&nbsp;&nbsp;<a href="#[194]">lv_event_send</a><BR>
 <LI><a href="#[192]">delete_children</a>&nbsp;&nbsp;&nbsp;&rArr;&nbsp;&nbsp;&nbsp;<a href="#[192]">delete_children</a><BR>
 <LI><a href="#[85]">StartKEY</a>&nbsp;&nbsp;&nbsp;&rArr;&nbsp;&nbsp;&nbsp;<a href="#[85]">StartKEY</a><BR>
 <LI><a href="#[88]">StartTemp</a>&nbsp;&nbsp;&nbsp;&rArr;&nbsp;&nbsp;&nbsp;<a href="#[88]">StartTemp</a><BR>
 <LI><a href="#[86]">StartTime</a>&nbsp;&nbsp;&nbsp;&rArr;&nbsp;&nbsp;&nbsp;<a href="#[86]">StartTime</a><BR>
 <LI><a href="#[8a]">Startads1115_value</a>&nbsp;&nbsp;&nbsp;&rArr;&nbsp;&nbsp;&nbsp;<a href="#[8a]">Startads1115_value</a><BR>
 <LI><a href="#[89]">Startdisplay</a>&nbsp;&nbsp;&nbsp;&rArr;&nbsp;&nbsp;&nbsp;<a href="#[89]">Startdisplay</a><BR>
 <LI><a href="#[84]">Startencoder</a>&nbsp;&nbsp;&nbsp;&rArr;&nbsp;&nbsp;&nbsp;<a href="#[84]">Startencoder</a><BR>
 <LI><a href="#[83]">Startlv_task</a>&nbsp;&nbsp;&nbsp;&rArr;&nbsp;&nbsp;&nbsp;<a href="#[83]">Startlv_task</a><BR>
 <LI><a href="#[d]">UsageFault_Handler</a>&nbsp;&nbsp;&nbsp;&rArr;&nbsp;&nbsp;&nbsp;<a href="#[d]">UsageFault_Handler</a><BR>
 <LI><a href="#[252]">lv_refr_obj</a>&nbsp;&nbsp;&nbsp;&rArr;&nbsp;&nbsp;&nbsp;<a href="#[252]">lv_refr_obj</a><BR>
 <LI><a href="#[24e]">lv_refr_get_top_obj</a>&nbsp;&nbsp;&nbsp;&rArr;&nbsp;&nbsp;&nbsp;<a href="#[24e]">lv_refr_get_top_obj</a><BR>
</UL>
<P>
<H3>
Function Pointers
</H3><UL>
 <LI><a href="#[24]">ADC_IRQHandler</a> from stm32f4xx_it.o(i.ADC_IRQHandler) referenced from startup_stm32f405xx.o(RESET)
 <LI><a href="#[c]">BusFault_Handler</a> from stm32f4xx_it.o(i.BusFault_Handler) referenced from startup_stm32f405xx.o(RESET)
 <LI><a href="#[26]">CAN1_RX0_IRQHandler</a> from startup_stm32f405xx.o(.text) referenced from startup_stm32f405xx.o(RESET)
 <LI><a href="#[27]">CAN1_RX1_IRQHandler</a> from startup_stm32f405xx.o(.text) referenced from startup_stm32f405xx.o(RESET)
 <LI><a href="#[28]">CAN1_SCE_IRQHandler</a> from startup_stm32f405xx.o(.text) referenced from startup_stm32f405xx.o(RESET)
 <LI><a href="#[25]">CAN1_TX_IRQHandler</a> from startup_stm32f405xx.o(.text) referenced from startup_stm32f405xx.o(RESET)
 <LI><a href="#[50]">CAN2_RX0_IRQHandler</a> from startup_stm32f405xx.o(.text) referenced from startup_stm32f405xx.o(RESET)
 <LI><a href="#[51]">CAN2_RX1_IRQHandler</a> from startup_stm32f405xx.o(.text) referenced from startup_stm32f405xx.o(RESET)
 <LI><a href="#[52]">CAN2_SCE_IRQHandler</a> from startup_stm32f405xx.o(.text) referenced from startup_stm32f405xx.o(RESET)
 <LI><a href="#[4f]">CAN2_TX_IRQHandler</a> from startup_stm32f405xx.o(.text) referenced from startup_stm32f405xx.o(RESET)
 <LI><a href="#[1d]">DMA1_Stream0_IRQHandler</a> from startup_stm32f405xx.o(.text) referenced from startup_stm32f405xx.o(RESET)
 <LI><a href="#[1e]">DMA1_Stream1_IRQHandler</a> from startup_stm32f405xx.o(.text) referenced from startup_stm32f405xx.o(RESET)
 <LI><a href="#[1f]">DMA1_Stream2_IRQHandler</a> from startup_stm32f405xx.o(.text) referenced from startup_stm32f405xx.o(RESET)
 <LI><a href="#[20]">DMA1_Stream3_IRQHandler</a> from startup_stm32f405xx.o(.text) referenced from startup_stm32f405xx.o(RESET)
 <LI><a href="#[21]">DMA1_Stream4_IRQHandler</a> from startup_stm32f405xx.o(.text) referenced from startup_stm32f405xx.o(RESET)
 <LI><a href="#[22]">DMA1_Stream5_IRQHandler</a> from startup_stm32f405xx.o(.text) referenced from startup_stm32f405xx.o(RESET)
 <LI><a href="#[23]">DMA1_Stream6_IRQHandler</a> from startup_stm32f405xx.o(.text) referenced from startup_stm32f405xx.o(RESET)
 <LI><a href="#[41]">DMA1_Stream7_IRQHandler</a> from startup_stm32f405xx.o(.text) referenced from startup_stm32f405xx.o(RESET)
 <LI><a href="#[4a]">DMA2_Stream0_IRQHandler</a> from startup_stm32f405xx.o(.text) referenced from startup_stm32f405xx.o(RESET)
 <LI><a href="#[4b]">DMA2_Stream1_IRQHandler</a> from startup_stm32f405xx.o(.text) referenced from startup_stm32f405xx.o(RESET)
 <LI><a href="#[4c]">DMA2_Stream2_IRQHandler</a> from startup_stm32f405xx.o(.text) referenced from startup_stm32f405xx.o(RESET)
 <LI><a href="#[4d]">DMA2_Stream3_IRQHandler</a> from startup_stm32f405xx.o(.text) referenced from startup_stm32f405xx.o(RESET)
 <LI><a href="#[4e]">DMA2_Stream4_IRQHandler</a> from startup_stm32f405xx.o(.text) referenced from startup_stm32f405xx.o(RESET)
 <LI><a href="#[54]">DMA2_Stream5_IRQHandler</a> from startup_stm32f405xx.o(.text) referenced from startup_stm32f405xx.o(RESET)
 <LI><a href="#[55]">DMA2_Stream6_IRQHandler</a> from startup_stm32f405xx.o(.text) referenced from startup_stm32f405xx.o(RESET)
 <LI><a href="#[56]">DMA2_Stream7_IRQHandler</a> from startup_stm32f405xx.o(.text) referenced from startup_stm32f405xx.o(RESET)
 <LI><a href="#[f]">DebugMon_Handler</a> from stm32f4xx_it.o(i.DebugMon_Handler) referenced from startup_stm32f405xx.o(RESET)
 <LI><a href="#[18]">EXTI0_IRQHandler</a> from startup_stm32f405xx.o(.text) referenced from startup_stm32f405xx.o(RESET)
 <LI><a href="#[3a]">EXTI15_10_IRQHandler</a> from startup_stm32f405xx.o(.text) referenced from startup_stm32f405xx.o(RESET)
 <LI><a href="#[19]">EXTI1_IRQHandler</a> from startup_stm32f405xx.o(.text) referenced from startup_stm32f405xx.o(RESET)
 <LI><a href="#[1a]">EXTI2_IRQHandler</a> from startup_stm32f405xx.o(.text) referenced from startup_stm32f405xx.o(RESET)
 <LI><a href="#[1b]">EXTI3_IRQHandler</a> from startup_stm32f405xx.o(.text) referenced from startup_stm32f405xx.o(RESET)
 <LI><a href="#[1c]">EXTI4_IRQHandler</a> from startup_stm32f405xx.o(.text) referenced from startup_stm32f405xx.o(RESET)
 <LI><a href="#[29]">EXTI9_5_IRQHandler</a> from stm32f4xx_it.o(i.EXTI9_5_IRQHandler) referenced from startup_stm32f405xx.o(RESET)
 <LI><a href="#[16]">FLASH_IRQHandler</a> from startup_stm32f405xx.o(.text) referenced from startup_stm32f405xx.o(RESET)
 <LI><a href="#[42]">FMC_IRQHandler</a> from startup_stm32f405xx.o(.text) referenced from startup_stm32f405xx.o(RESET)
 <LI><a href="#[5f]">FPU_IRQHandler</a> from startup_stm32f405xx.o(.text) referenced from startup_stm32f405xx.o(RESET)
 <LI><a href="#[5e]">HASH_RNG_IRQHandler</a> from startup_stm32f405xx.o(.text) referenced from startup_stm32f405xx.o(RESET)
 <LI><a href="#[a]">HardFault_Handler</a> from stm32f4xx_it.o(i.HardFault_Handler) referenced from startup_stm32f405xx.o(RESET)
 <LI><a href="#[32]">I2C1_ER_IRQHandler</a> from startup_stm32f405xx.o(.text) referenced from startup_stm32f405xx.o(RESET)
 <LI><a href="#[31]">I2C1_EV_IRQHandler</a> from startup_stm32f405xx.o(.text) referenced from startup_stm32f405xx.o(RESET)
 <LI><a href="#[34]">I2C2_ER_IRQHandler</a> from startup_stm32f405xx.o(.text) referenced from startup_stm32f405xx.o(RESET)
 <LI><a href="#[33]">I2C2_EV_IRQHandler</a> from startup_stm32f405xx.o(.text) referenced from startup_stm32f405xx.o(RESET)
 <LI><a href="#[59]">I2C3_ER_IRQHandler</a> from startup_stm32f405xx.o(.text) referenced from startup_stm32f405xx.o(RESET)
 <LI><a href="#[58]">I2C3_EV_IRQHandler</a> from startup_stm32f405xx.o(.text) referenced from startup_stm32f405xx.o(RESET)
 <LI><a href="#[b]">MemManage_Handler</a> from stm32f4xx_it.o(i.MemManage_Handler) referenced from startup_stm32f405xx.o(RESET)
 <LI><a href="#[9]">NMI_Handler</a> from stm32f4xx_it.o(i.NMI_Handler) referenced from startup_stm32f405xx.o(RESET)
 <LI><a href="#[53]">OTG_FS_IRQHandler</a> from startup_stm32f405xx.o(.text) referenced from startup_stm32f405xx.o(RESET)
 <LI><a href="#[3c]">OTG_FS_WKUP_IRQHandler</a> from startup_stm32f405xx.o(.text) referenced from startup_stm32f405xx.o(RESET)
 <LI><a href="#[5b]">OTG_HS_EP1_IN_IRQHandler</a> from startup_stm32f405xx.o(.text) referenced from startup_stm32f405xx.o(RESET)
 <LI><a href="#[5a]">OTG_HS_EP1_OUT_IRQHandler</a> from startup_stm32f405xx.o(.text) referenced from startup_stm32f405xx.o(RESET)
 <LI><a href="#[5d]">OTG_HS_IRQHandler</a> from startup_stm32f405xx.o(.text) referenced from startup_stm32f405xx.o(RESET)
 <LI><a href="#[5c]">OTG_HS_WKUP_IRQHandler</a> from startup_stm32f405xx.o(.text) referenced from startup_stm32f405xx.o(RESET)
 <LI><a href="#[13]">PVD_IRQHandler</a> from startup_stm32f405xx.o(.text) referenced from startup_stm32f405xx.o(RESET)
 <LI><a href="#[10]">PendSV_Handler</a> from port.o(.emb_text) referenced from startup_stm32f405xx.o(RESET)
 <LI><a href="#[17]">RCC_IRQHandler</a> from startup_stm32f405xx.o(.text) referenced from startup_stm32f405xx.o(RESET)
 <LI><a href="#[3b]">RTC_Alarm_IRQHandler</a> from startup_stm32f405xx.o(.text) referenced from startup_stm32f405xx.o(RESET)
 <LI><a href="#[15]">RTC_WKUP_IRQHandler</a> from startup_stm32f405xx.o(.text) referenced from startup_stm32f405xx.o(RESET)
 <LI><a href="#[8]">Reset_Handler</a> from startup_stm32f405xx.o(.text) referenced from startup_stm32f405xx.o(RESET)
 <LI><a href="#[43]">SDIO_IRQHandler</a> from startup_stm32f405xx.o(.text) referenced from startup_stm32f405xx.o(RESET)
 <LI><a href="#[35]">SPI1_IRQHandler</a> from startup_stm32f405xx.o(.text) referenced from startup_stm32f405xx.o(RESET)
 <LI><a href="#[36]">SPI2_IRQHandler</a> from startup_stm32f405xx.o(.text) referenced from startup_stm32f405xx.o(RESET)
 <LI><a href="#[45]">SPI3_IRQHandler</a> from startup_stm32f405xx.o(.text) referenced from startup_stm32f405xx.o(RESET)
 <LI><a href="#[e]">SVC_Handler</a> from port.o(.emb_text) referenced from startup_stm32f405xx.o(RESET)
 <LI><a href="#[82]">StartDefaultTask</a> from freertos.o(i.StartDefaultTask) referenced from freertos.o(.constdata)
 <LI><a href="#[87]">StartFan_speed</a> from freertos.o(i.StartFan_speed) referenced from freertos.o(.constdata)
 <LI><a href="#[85]">StartKEY</a> from freertos.o(i.StartKEY) referenced from freertos.o(.constdata)
 <LI><a href="#[88]">StartTemp</a> from freertos.o(i.StartTemp) referenced from freertos.o(.constdata)
 <LI><a href="#[86]">StartTime</a> from freertos.o(i.StartTime) referenced from freertos.o(.constdata)
 <LI><a href="#[8a]">Startads1115_value</a> from freertos.o(i.Startads1115_value) referenced from freertos.o(.constdata)
 <LI><a href="#[89]">Startdisplay</a> from freertos.o(i.Startdisplay) referenced from freertos.o(.constdata)
 <LI><a href="#[84]">Startencoder</a> from freertos.o(i.Startencoder) referenced from freertos.o(.constdata)
 <LI><a href="#[83]">Startlv_task</a> from freertos.o(i.Startlv_task) referenced from freertos.o(.constdata)
 <LI><a href="#[11]">SysTick_Handler</a> from port.o(i.SysTick_Handler) referenced from startup_stm32f405xx.o(RESET)
 <LI><a href="#[61]">SystemInit</a> from system_stm32f4xx.o(i.SystemInit) referenced from startup_stm32f405xx.o(.text)
 <LI><a href="#[14]">TAMP_STAMP_IRQHandler</a> from startup_stm32f405xx.o(.text) referenced from startup_stm32f405xx.o(RESET)
 <LI><a href="#[2a]">TIM1_BRK_TIM9_IRQHandler</a> from startup_stm32f405xx.o(.text) referenced from startup_stm32f405xx.o(RESET)
 <LI><a href="#[2d]">TIM1_CC_IRQHandler</a> from startup_stm32f405xx.o(.text) referenced from startup_stm32f405xx.o(RESET)
 <LI><a href="#[2c]">TIM1_TRG_COM_TIM11_IRQHandler</a> from startup_stm32f405xx.o(.text) referenced from startup_stm32f405xx.o(RESET)
 <LI><a href="#[2b]">TIM1_UP_TIM10_IRQHandler</a> from stm32f4xx_it.o(i.TIM1_UP_TIM10_IRQHandler) referenced from startup_stm32f405xx.o(RESET)
 <LI><a href="#[2e]">TIM2_IRQHandler</a> from startup_stm32f405xx.o(.text) referenced from startup_stm32f405xx.o(RESET)
 <LI><a href="#[2f]">TIM3_IRQHandler</a> from startup_stm32f405xx.o(.text) referenced from startup_stm32f405xx.o(RESET)
 <LI><a href="#[30]">TIM4_IRQHandler</a> from startup_stm32f405xx.o(.text) referenced from startup_stm32f405xx.o(RESET)
 <LI><a href="#[44]">TIM5_IRQHandler</a> from startup_stm32f405xx.o(.text) referenced from startup_stm32f405xx.o(RESET)
 <LI><a href="#[48]">TIM6_DAC_IRQHandler</a> from stm32f4xx_it.o(i.TIM6_DAC_IRQHandler) referenced from startup_stm32f405xx.o(RESET)
 <LI><a href="#[49]">TIM7_IRQHandler</a> from startup_stm32f405xx.o(.text) referenced from startup_stm32f405xx.o(RESET)
 <LI><a href="#[3d]">TIM8_BRK_TIM12_IRQHandler</a> from startup_stm32f405xx.o(.text) referenced from startup_stm32f405xx.o(RESET)
 <LI><a href="#[40]">TIM8_CC_IRQHandler</a> from stm32f4xx_it.o(i.TIM8_CC_IRQHandler) referenced from startup_stm32f405xx.o(RESET)
 <LI><a href="#[3f]">TIM8_TRG_COM_TIM14_IRQHandler</a> from startup_stm32f405xx.o(.text) referenced from startup_stm32f405xx.o(RESET)
 <LI><a href="#[3e]">TIM8_UP_TIM13_IRQHandler</a> from startup_stm32f405xx.o(.text) referenced from startup_stm32f405xx.o(RESET)
 <LI><a href="#[46]">UART4_IRQHandler</a> from startup_stm32f405xx.o(.text) referenced from startup_stm32f405xx.o(RESET)
 <LI><a href="#[47]">UART5_IRQHandler</a> from startup_stm32f405xx.o(.text) referenced from startup_stm32f405xx.o(RESET)
 <LI><a href="#[37]">USART1_IRQHandler</a> from startup_stm32f405xx.o(.text) referenced from startup_stm32f405xx.o(RESET)
 <LI><a href="#[38]">USART2_IRQHandler</a> from startup_stm32f405xx.o(.text) referenced from startup_stm32f405xx.o(RESET)
 <LI><a href="#[39]">USART3_IRQHandler</a> from startup_stm32f405xx.o(.text) referenced from startup_stm32f405xx.o(RESET)
 <LI><a href="#[57]">USART6_IRQHandler</a> from startup_stm32f405xx.o(.text) referenced from startup_stm32f405xx.o(RESET)
 <LI><a href="#[d]">UsageFault_Handler</a> from stm32f4xx_it.o(i.UsageFault_Handler) referenced from startup_stm32f405xx.o(RESET)
 <LI><a href="#[12]">WWDG_IRQHandler</a> from startup_stm32f405xx.o(.text) referenced from startup_stm32f405xx.o(RESET)
 <LI><a href="#[62]">__main</a> from entry.o(.ARM.Collect$$$$00000000) referenced from startup_stm32f405xx.o(.text)
 <LI><a href="#[64]">_snputc</a> from printfa.o(i._snputc) referenced from printfa.o(i.__0vsnprintf)
 <LI><a href="#[63]">_sputc</a> from printfa.o(i._sputc) referenced from printfa.o(i.__0sprintf)
 <LI><a href="#[68]">anim_task</a> from lv_anim.o(i.anim_task) referenced from lv_anim.o(i.lv_anim_core_init)
 <LI><a href="#[7f]">disp_flush</a> from lv_port_disp.o(i.disp_flush) referenced from lv_port_disp.o(i.lv_port_disp_init)
 <LI><a href="#[67]">kern_pair_16_compare</a> from lv_font_fmt_txt.o(i.kern_pair_16_compare) referenced from lv_font_fmt_txt.o(i.get_kern_value)
 <LI><a href="#[66]">kern_pair_8_compare</a> from lv_font_fmt_txt.o(i.kern_pair_8_compare) referenced from lv_font_fmt_txt.o(i.get_kern_value)
 <LI><a href="#[76]">lv_anim_path_linear</a> from lv_anim.o(i.lv_anim_path_linear) referenced from lv_label.o(i.lv_label_refr_text)
 <LI><a href="#[69]">lv_disp_refr_task</a> from lv_refr.o(i.lv_disp_refr_task) referenced from lv_hal_disp.o(i.lv_disp_drv_register)
 <LI><a href="#[1]">lv_font_get_bitmap_fmt_txt</a> from lv_font_fmt_txt.o(i.lv_font_get_bitmap_fmt_txt) referenced 14 times from lv_font_roboto_16.o(.data)
 <LI><a href="#[0]">lv_font_get_glyph_dsc_fmt_txt</a> from lv_font_fmt_txt.o(i.lv_font_get_glyph_dsc_fmt_txt) referenced 14 times from lv_font_roboto_16.o(.data)
 <LI><a href="#[73]">lv_img_decoder_built_in_close</a> from lv_img_decoder.o(i.lv_img_decoder_built_in_close) referenced from lv_img_decoder.o(i.lv_img_decoder_init)
 <LI><a href="#[70]">lv_img_decoder_built_in_info</a> from lv_img_decoder.o(i.lv_img_decoder_built_in_info) referenced from lv_img_decoder.o(i.lv_img_decoder_init)
 <LI><a href="#[71]">lv_img_decoder_built_in_open</a> from lv_img_decoder.o(i.lv_img_decoder_built_in_open) referenced from lv_img_decoder.o(i.lv_img_decoder_init)
 <LI><a href="#[72]">lv_img_decoder_built_in_read_line</a> from lv_img_decoder.o(i.lv_img_decoder_built_in_read_line) referenced from lv_img_decoder.o(i.lv_img_decoder_init)
 <LI><a href="#[6f]">lv_img_design</a> from lv_img.o(i.lv_img_design) referenced from lv_img.o(i.lv_img_create)
 <LI><a href="#[6e]">lv_img_signal</a> from lv_img.o(i.lv_img_signal) referenced from lv_img.o(i.lv_img_create)
 <LI><a href="#[74]">lv_label_design</a> from lv_label.o(i.lv_label_design) referenced from lv_label.o(i.lv_label_create)
 <LI><a href="#[77]">lv_label_set_offset_x</a> from lv_label.o(i.lv_label_set_offset_x) referenced from lv_label.o(i.lv_label_refr_text)
 <LI><a href="#[77]">lv_label_set_offset_x</a> from lv_label.o(i.lv_label_set_offset_x) referenced from lv_label.o(i.lv_label_set_long_mode)
 <LI><a href="#[78]">lv_label_set_offset_y</a> from lv_label.o(i.lv_label_set_offset_y) referenced from lv_label.o(i.lv_label_refr_text)
 <LI><a href="#[78]">lv_label_set_offset_y</a> from lv_label.o(i.lv_label_set_offset_y) referenced from lv_label.o(i.lv_label_set_long_mode)
 <LI><a href="#[75]">lv_label_signal</a> from lv_label.o(i.lv_label_signal) referenced from lv_label.o(i.lv_label_create)
 <LI><a href="#[7b]">lv_line_design</a> from lv_line.o(i.lv_line_design) referenced from lv_line.o(i.lv_line_create)
 <LI><a href="#[7c]">lv_line_signal</a> from lv_line.o(i.lv_line_signal) referenced from lv_line.o(i.lv_line_create)
 <LI><a href="#[6b]">lv_ll_get_head</a> from lv_ll.o(i.lv_ll_get_head) referenced from lv_group.o(i.lv_group_focus_next)
 <LI><a href="#[6a]">lv_ll_get_next</a> from lv_ll.o(i.lv_ll_get_next) referenced from lv_group.o(i.lv_group_focus_next)
 <LI><a href="#[6c]">lv_ll_get_prev</a> from lv_ll.o(i.lv_ll_get_prev) referenced from lv_group.o(i.lv_group_focus_prev)
 <LI><a href="#[6d]">lv_ll_get_tail</a> from lv_ll.o(i.lv_ll_get_tail) referenced from lv_group.o(i.lv_group_focus_prev)
 <LI><a href="#[7e]">lv_obj_design</a> from lv_obj.o(i.lv_obj_design) referenced from lv_obj.o(i.lv_obj_create)
 <LI><a href="#[79]">lv_obj_set_x</a> from lv_obj.o(i.lv_obj_set_x) referenced from lv_label.o(i.lv_label_set_long_mode)
 <LI><a href="#[7a]">lv_obj_set_y</a> from lv_obj.o(i.lv_obj_set_y) referenced from lv_label.o(i.lv_label_set_long_mode)
 <LI><a href="#[7d]">lv_obj_signal</a> from lv_obj.o(i.lv_obj_signal) referenced from lv_obj.o(i.lv_obj_create)
 <LI><a href="#[5]">lv_txt_utf8_get_byte_id</a> from lv_txt.o(i.lv_txt_utf8_get_byte_id) referenced 2 times from lv_txt.o(.data)
 <LI><a href="#[6]">lv_txt_utf8_get_char_id</a> from lv_txt.o(i.lv_txt_utf8_get_char_id) referenced 2 times from lv_txt.o(.data)
 <LI><a href="#[7]">lv_txt_utf8_get_length</a> from lv_txt.o(i.lv_txt_utf8_get_length) referenced 2 times from lv_txt.o(.data)
 <LI><a href="#[3]">lv_txt_utf8_next</a> from lv_txt.o(i.lv_txt_utf8_next) referenced 2 times from lv_txt.o(.data)
 <LI><a href="#[4]">lv_txt_utf8_prev</a> from lv_txt.o(i.lv_txt_utf8_prev) referenced 2 times from lv_txt.o(.data)
 <LI><a href="#[2]">lv_txt_utf8_size</a> from lv_txt.o(i.lv_txt_utf8_size) referenced 2 times from lv_txt.o(.data)
 <LI><a href="#[60]">main</a> from main.o(i.main) referenced from entry9a.o(.ARM.Collect$$$$0000000B)
 <LI><a href="#[81]">prvIdleTask</a> from tasks.o(i.prvIdleTask) referenced from tasks.o(i.vTaskStartScheduler)
 <LI><a href="#[80]">prvTaskExitError</a> from port.o(i.prvTaskExitError) referenced from port.o(i.pxPortInitialiseStack)
 <LI><a href="#[65]">unicode_list_compare</a> from lv_font_fmt_txt.o(i.unicode_list_compare) referenced from lv_font_fmt_txt.o(i.get_glyph_dsc_id)
</UL>
<P>
<H3>
Global Symbols
</H3>
<P><STRONG><a name="[62]"></a>__main</STRONG> (Thumb, 0 bytes, Stack size unknown bytes, entry.o(.ARM.Collect$$$$00000000))
<BR>[Address Reference Count : 1]<UL><LI> startup_stm32f405xx.o(.text)
</UL>
<P><STRONG><a name="[27a]"></a>_main_stk</STRONG> (Thumb, 0 bytes, Stack size unknown bytes, entry2.o(.ARM.Collect$$$$00000001))

<P><STRONG><a name="[8b]"></a>_main_scatterload</STRONG> (Thumb, 0 bytes, Stack size unknown bytes, entry5.o(.ARM.Collect$$$$00000004))
<BR><BR>[Calls]<UL><LI><a href="#[8c]">&gt;&gt;</a>&nbsp;&nbsp;&nbsp;__scatterload
</UL>

<P><STRONG><a name="[a0]"></a>__main_after_scatterload</STRONG> (Thumb, 0 bytes, Stack size unknown bytes, entry5.o(.ARM.Collect$$$$00000004))
<BR><BR>[Called By]<UL><LI><a href="#[8c]">&gt;&gt;</a>&nbsp;&nbsp;&nbsp;__scatterload
</UL>

<P><STRONG><a name="[27b]"></a>_main_clock</STRONG> (Thumb, 0 bytes, Stack size unknown bytes, entry7b.o(.ARM.Collect$$$$00000008))

<P><STRONG><a name="[27c]"></a>_main_cpp_init</STRONG> (Thumb, 0 bytes, Stack size unknown bytes, entry8b.o(.ARM.Collect$$$$0000000A))

<P><STRONG><a name="[27d]"></a>_main_init</STRONG> (Thumb, 0 bytes, Stack size unknown bytes, entry9a.o(.ARM.Collect$$$$0000000B))

<P><STRONG><a name="[27e]"></a>__rt_lib_shutdown_fini</STRONG> (Thumb, 0 bytes, Stack size unknown bytes, entry12b.o(.ARM.Collect$$$$0000000E))

<P><STRONG><a name="[27f]"></a>__rt_final_cpp</STRONG> (Thumb, 0 bytes, Stack size unknown bytes, entry10a.o(.ARM.Collect$$$$0000000F))

<P><STRONG><a name="[280]"></a>__rt_final_exit</STRONG> (Thumb, 0 bytes, Stack size unknown bytes, entry11a.o(.ARM.Collect$$$$00000011))

<P><STRONG><a name="[e]"></a>SVC_Handler</STRONG> (Thumb, 28 bytes, Stack size 0 bytes, port.o(.emb_text))
<BR>[Address Reference Count : 1]<UL><LI> startup_stm32f405xx.o(RESET)
</UL>
<P><STRONG><a name="[278]"></a>__asm___6_port_c_39a90d8d__prvStartFirstTask</STRONG> (Thumb, 36 bytes, Stack size 0 bytes, port.o(.emb_text))
<BR><BR>[Called By]<UL><LI><a href="#[275]">&gt;&gt;</a>&nbsp;&nbsp;&nbsp;xPortStartScheduler
</UL>

<P><STRONG><a name="[277]"></a>__asm___6_port_c_39a90d8d__prvEnableVFP</STRONG> (Thumb, 16 bytes, Stack size 0 bytes, port.o(.emb_text))
<BR><BR>[Called By]<UL><LI><a href="#[275]">&gt;&gt;</a>&nbsp;&nbsp;&nbsp;xPortStartScheduler
</UL>

<P><STRONG><a name="[10]"></a>PendSV_Handler</STRONG> (Thumb, 88 bytes, Stack size 0 bytes, port.o(.emb_text))
<BR><BR>[Calls]<UL><LI><a href="#[8d]">&gt;&gt;</a>&nbsp;&nbsp;&nbsp;vTaskSwitchContext
</UL>
<BR>[Address Reference Count : 1]<UL><LI> startup_stm32f405xx.o(RESET)
</UL>
<P><STRONG><a name="[281]"></a>vPortGetIPSR</STRONG> (Thumb, 6 bytes, Stack size 0 bytes, port.o(.emb_text), UNUSED)

<P><STRONG><a name="[8]"></a>Reset_Handler</STRONG> (Thumb, 8 bytes, Stack size 0 bytes, startup_stm32f405xx.o(.text))
<BR>[Address Reference Count : 1]<UL><LI> startup_stm32f405xx.o(RESET)
</UL>
<P><STRONG><a name="[26]"></a>CAN1_RX0_IRQHandler</STRONG> (Thumb, 0 bytes, Stack size 0 bytes, startup_stm32f405xx.o(.text))
<BR><BR>[Calls]<UL><LI><a href="#[26]">&gt;&gt;</a>&nbsp;&nbsp;&nbsp;CAN1_RX0_IRQHandler
</UL>
<BR>[Called By]<UL><LI><a href="#[26]">&gt;&gt;</a>&nbsp;&nbsp;&nbsp;CAN1_RX0_IRQHandler
</UL>
<BR>[Address Reference Count : 1]<UL><LI> startup_stm32f405xx.o(RESET)
</UL>
<P><STRONG><a name="[27]"></a>CAN1_RX1_IRQHandler</STRONG> (Thumb, 0 bytes, Stack size 0 bytes, startup_stm32f405xx.o(.text))
<BR>[Address Reference Count : 1]<UL><LI> startup_stm32f405xx.o(RESET)
</UL>
<P><STRONG><a name="[28]"></a>CAN1_SCE_IRQHandler</STRONG> (Thumb, 0 bytes, Stack size 0 bytes, startup_stm32f405xx.o(.text))
<BR>[Address Reference Count : 1]<UL><LI> startup_stm32f405xx.o(RESET)
</UL>
<P><STRONG><a name="[25]"></a>CAN1_TX_IRQHandler</STRONG> (Thumb, 0 bytes, Stack size 0 bytes, startup_stm32f405xx.o(.text))
<BR>[Address Reference Count : 1]<UL><LI> startup_stm32f405xx.o(RESET)
</UL>
<P><STRONG><a name="[50]"></a>CAN2_RX0_IRQHandler</STRONG> (Thumb, 0 bytes, Stack size 0 bytes, startup_stm32f405xx.o(.text))
<BR>[Address Reference Count : 1]<UL><LI> startup_stm32f405xx.o(RESET)
</UL>
<P><STRONG><a name="[51]"></a>CAN2_RX1_IRQHandler</STRONG> (Thumb, 0 bytes, Stack size 0 bytes, startup_stm32f405xx.o(.text))
<BR>[Address Reference Count : 1]<UL><LI> startup_stm32f405xx.o(RESET)
</UL>
<P><STRONG><a name="[52]"></a>CAN2_SCE_IRQHandler</STRONG> (Thumb, 0 bytes, Stack size 0 bytes, startup_stm32f405xx.o(.text))
<BR>[Address Reference Count : 1]<UL><LI> startup_stm32f405xx.o(RESET)
</UL>
<P><STRONG><a name="[4f]"></a>CAN2_TX_IRQHandler</STRONG> (Thumb, 0 bytes, Stack size 0 bytes, startup_stm32f405xx.o(.text))
<BR>[Address Reference Count : 1]<UL><LI> startup_stm32f405xx.o(RESET)
</UL>
<P><STRONG><a name="[1d]"></a>DMA1_Stream0_IRQHandler</STRONG> (Thumb, 0 bytes, Stack size 0 bytes, startup_stm32f405xx.o(.text))
<BR>[Address Reference Count : 1]<UL><LI> startup_stm32f405xx.o(RESET)
</UL>
<P><STRONG><a name="[1e]"></a>DMA1_Stream1_IRQHandler</STRONG> (Thumb, 0 bytes, Stack size 0 bytes, startup_stm32f405xx.o(.text))
<BR>[Address Reference Count : 1]<UL><LI> startup_stm32f405xx.o(RESET)
</UL>
<P><STRONG><a name="[1f]"></a>DMA1_Stream2_IRQHandler</STRONG> (Thumb, 0 bytes, Stack size 0 bytes, startup_stm32f405xx.o(.text))
<BR>[Address Reference Count : 1]<UL><LI> startup_stm32f405xx.o(RESET)
</UL>
<P><STRONG><a name="[20]"></a>DMA1_Stream3_IRQHandler</STRONG> (Thumb, 0 bytes, Stack size 0 bytes, startup_stm32f405xx.o(.text))
<BR>[Address Reference Count : 1]<UL><LI> startup_stm32f405xx.o(RESET)
</UL>
<P><STRONG><a name="[21]"></a>DMA1_Stream4_IRQHandler</STRONG> (Thumb, 0 bytes, Stack size 0 bytes, startup_stm32f405xx.o(.text))
<BR>[Address Reference Count : 1]<UL><LI> startup_stm32f405xx.o(RESET)
</UL>
<P><STRONG><a name="[22]"></a>DMA1_Stream5_IRQHandler</STRONG> (Thumb, 0 bytes, Stack size 0 bytes, startup_stm32f405xx.o(.text))
<BR>[Address Reference Count : 1]<UL><LI> startup_stm32f405xx.o(RESET)
</UL>
<P><STRONG><a name="[23]"></a>DMA1_Stream6_IRQHandler</STRONG> (Thumb, 0 bytes, Stack size 0 bytes, startup_stm32f405xx.o(.text))
<BR>[Address Reference Count : 1]<UL><LI> startup_stm32f405xx.o(RESET)
</UL>
<P><STRONG><a name="[41]"></a>DMA1_Stream7_IRQHandler</STRONG> (Thumb, 0 bytes, Stack size 0 bytes, startup_stm32f405xx.o(.text))
<BR>[Address Reference Count : 1]<UL><LI> startup_stm32f405xx.o(RESET)
</UL>
<P><STRONG><a name="[4a]"></a>DMA2_Stream0_IRQHandler</STRONG> (Thumb, 0 bytes, Stack size 0 bytes, startup_stm32f405xx.o(.text))
<BR>[Address Reference Count : 1]<UL><LI> startup_stm32f405xx.o(RESET)
</UL>
<P><STRONG><a name="[4b]"></a>DMA2_Stream1_IRQHandler</STRONG> (Thumb, 0 bytes, Stack size 0 bytes, startup_stm32f405xx.o(.text))
<BR>[Address Reference Count : 1]<UL><LI> startup_stm32f405xx.o(RESET)
</UL>
<P><STRONG><a name="[4c]"></a>DMA2_Stream2_IRQHandler</STRONG> (Thumb, 0 bytes, Stack size 0 bytes, startup_stm32f405xx.o(.text))
<BR>[Address Reference Count : 1]<UL><LI> startup_stm32f405xx.o(RESET)
</UL>
<P><STRONG><a name="[4d]"></a>DMA2_Stream3_IRQHandler</STRONG> (Thumb, 0 bytes, Stack size 0 bytes, startup_stm32f405xx.o(.text))
<BR>[Address Reference Count : 1]<UL><LI> startup_stm32f405xx.o(RESET)
</UL>
<P><STRONG><a name="[4e]"></a>DMA2_Stream4_IRQHandler</STRONG> (Thumb, 0 bytes, Stack size 0 bytes, startup_stm32f405xx.o(.text))
<BR>[Address Reference Count : 1]<UL><LI> startup_stm32f405xx.o(RESET)
</UL>
<P><STRONG><a name="[54]"></a>DMA2_Stream5_IRQHandler</STRONG> (Thumb, 0 bytes, Stack size 0 bytes, startup_stm32f405xx.o(.text))
<BR>[Address Reference Count : 1]<UL><LI> startup_stm32f405xx.o(RESET)
</UL>
<P><STRONG><a name="[55]"></a>DMA2_Stream6_IRQHandler</STRONG> (Thumb, 0 bytes, Stack size 0 bytes, startup_stm32f405xx.o(.text))
<BR>[Address Reference Count : 1]<UL><LI> startup_stm32f405xx.o(RESET)
</UL>
<P><STRONG><a name="[56]"></a>DMA2_Stream7_IRQHandler</STRONG> (Thumb, 0 bytes, Stack size 0 bytes, startup_stm32f405xx.o(.text))
<BR>[Address Reference Count : 1]<UL><LI> startup_stm32f405xx.o(RESET)
</UL>
<P><STRONG><a name="[18]"></a>EXTI0_IRQHandler</STRONG> (Thumb, 0 bytes, Stack size 0 bytes, startup_stm32f405xx.o(.text))
<BR>[Address Reference Count : 1]<UL><LI> startup_stm32f405xx.o(RESET)
</UL>
<P><STRONG><a name="[3a]"></a>EXTI15_10_IRQHandler</STRONG> (Thumb, 0 bytes, Stack size 0 bytes, startup_stm32f405xx.o(.text))
<BR>[Address Reference Count : 1]<UL><LI> startup_stm32f405xx.o(RESET)
</UL>
<P><STRONG><a name="[19]"></a>EXTI1_IRQHandler</STRONG> (Thumb, 0 bytes, Stack size 0 bytes, startup_stm32f405xx.o(.text))
<BR>[Address Reference Count : 1]<UL><LI> startup_stm32f405xx.o(RESET)
</UL>
<P><STRONG><a name="[1a]"></a>EXTI2_IRQHandler</STRONG> (Thumb, 0 bytes, Stack size 0 bytes, startup_stm32f405xx.o(.text))
<BR>[Address Reference Count : 1]<UL><LI> startup_stm32f405xx.o(RESET)
</UL>
<P><STRONG><a name="[1b]"></a>EXTI3_IRQHandler</STRONG> (Thumb, 0 bytes, Stack size 0 bytes, startup_stm32f405xx.o(.text))
<BR>[Address Reference Count : 1]<UL><LI> startup_stm32f405xx.o(RESET)
</UL>
<P><STRONG><a name="[1c]"></a>EXTI4_IRQHandler</STRONG> (Thumb, 0 bytes, Stack size 0 bytes, startup_stm32f405xx.o(.text))
<BR>[Address Reference Count : 1]<UL><LI> startup_stm32f405xx.o(RESET)
</UL>
<P><STRONG><a name="[16]"></a>FLASH_IRQHandler</STRONG> (Thumb, 0 bytes, Stack size 0 bytes, startup_stm32f405xx.o(.text))
<BR>[Address Reference Count : 1]<UL><LI> startup_stm32f405xx.o(RESET)
</UL>
<P><STRONG><a name="[42]"></a>FMC_IRQHandler</STRONG> (Thumb, 0 bytes, Stack size 0 bytes, startup_stm32f405xx.o(.text))
<BR>[Address Reference Count : 1]<UL><LI> startup_stm32f405xx.o(RESET)
</UL>
<P><STRONG><a name="[5f]"></a>FPU_IRQHandler</STRONG> (Thumb, 0 bytes, Stack size 0 bytes, startup_stm32f405xx.o(.text))
<BR>[Address Reference Count : 1]<UL><LI> startup_stm32f405xx.o(RESET)
</UL>
<P><STRONG><a name="[5e]"></a>HASH_RNG_IRQHandler</STRONG> (Thumb, 0 bytes, Stack size 0 bytes, startup_stm32f405xx.o(.text))
<BR>[Address Reference Count : 1]<UL><LI> startup_stm32f405xx.o(RESET)
</UL>
<P><STRONG><a name="[32]"></a>I2C1_ER_IRQHandler</STRONG> (Thumb, 0 bytes, Stack size 0 bytes, startup_stm32f405xx.o(.text))
<BR>[Address Reference Count : 1]<UL><LI> startup_stm32f405xx.o(RESET)
</UL>
<P><STRONG><a name="[31]"></a>I2C1_EV_IRQHandler</STRONG> (Thumb, 0 bytes, Stack size 0 bytes, startup_stm32f405xx.o(.text))
<BR>[Address Reference Count : 1]<UL><LI> startup_stm32f405xx.o(RESET)
</UL>
<P><STRONG><a name="[34]"></a>I2C2_ER_IRQHandler</STRONG> (Thumb, 0 bytes, Stack size 0 bytes, startup_stm32f405xx.o(.text))
<BR>[Address Reference Count : 1]<UL><LI> startup_stm32f405xx.o(RESET)
</UL>
<P><STRONG><a name="[33]"></a>I2C2_EV_IRQHandler</STRONG> (Thumb, 0 bytes, Stack size 0 bytes, startup_stm32f405xx.o(.text))
<BR>[Address Reference Count : 1]<UL><LI> startup_stm32f405xx.o(RESET)
</UL>
<P><STRONG><a name="[59]"></a>I2C3_ER_IRQHandler</STRONG> (Thumb, 0 bytes, Stack size 0 bytes, startup_stm32f405xx.o(.text))
<BR>[Address Reference Count : 1]<UL><LI> startup_stm32f405xx.o(RESET)
</UL>
<P><STRONG><a name="[58]"></a>I2C3_EV_IRQHandler</STRONG> (Thumb, 0 bytes, Stack size 0 bytes, startup_stm32f405xx.o(.text))
<BR>[Address Reference Count : 1]<UL><LI> startup_stm32f405xx.o(RESET)
</UL>
<P><STRONG><a name="[53]"></a>OTG_FS_IRQHandler</STRONG> (Thumb, 0 bytes, Stack size 0 bytes, startup_stm32f405xx.o(.text))
<BR>[Address Reference Count : 1]<UL><LI> startup_stm32f405xx.o(RESET)
</UL>
<P><STRONG><a name="[3c]"></a>OTG_FS_WKUP_IRQHandler</STRONG> (Thumb, 0 bytes, Stack size 0 bytes, startup_stm32f405xx.o(.text))
<BR>[Address Reference Count : 1]<UL><LI> startup_stm32f405xx.o(RESET)
</UL>
<P><STRONG><a name="[5b]"></a>OTG_HS_EP1_IN_IRQHandler</STRONG> (Thumb, 0 bytes, Stack size 0 bytes, startup_stm32f405xx.o(.text))
<BR>[Address Reference Count : 1]<UL><LI> startup_stm32f405xx.o(RESET)
</UL>
<P><STRONG><a name="[5a]"></a>OTG_HS_EP1_OUT_IRQHandler</STRONG> (Thumb, 0 bytes, Stack size 0 bytes, startup_stm32f405xx.o(.text))
<BR>[Address Reference Count : 1]<UL><LI> startup_stm32f405xx.o(RESET)
</UL>
<P><STRONG><a name="[5d]"></a>OTG_HS_IRQHandler</STRONG> (Thumb, 0 bytes, Stack size 0 bytes, startup_stm32f405xx.o(.text))
<BR>[Address Reference Count : 1]<UL><LI> startup_stm32f405xx.o(RESET)
</UL>
<P><STRONG><a name="[5c]"></a>OTG_HS_WKUP_IRQHandler</STRONG> (Thumb, 0 bytes, Stack size 0 bytes, startup_stm32f405xx.o(.text))
<BR>[Address Reference Count : 1]<UL><LI> startup_stm32f405xx.o(RESET)
</UL>
<P><STRONG><a name="[13]"></a>PVD_IRQHandler</STRONG> (Thumb, 0 bytes, Stack size 0 bytes, startup_stm32f405xx.o(.text))
<BR>[Address Reference Count : 1]<UL><LI> startup_stm32f405xx.o(RESET)
</UL>
<P><STRONG><a name="[17]"></a>RCC_IRQHandler</STRONG> (Thumb, 0 bytes, Stack size 0 bytes, startup_stm32f405xx.o(.text))
<BR>[Address Reference Count : 1]<UL><LI> startup_stm32f405xx.o(RESET)
</UL>
<P><STRONG><a name="[3b]"></a>RTC_Alarm_IRQHandler</STRONG> (Thumb, 0 bytes, Stack size 0 bytes, startup_stm32f405xx.o(.text))
<BR>[Address Reference Count : 1]<UL><LI> startup_stm32f405xx.o(RESET)
</UL>
<P><STRONG><a name="[15]"></a>RTC_WKUP_IRQHandler</STRONG> (Thumb, 0 bytes, Stack size 0 bytes, startup_stm32f405xx.o(.text))
<BR>[Address Reference Count : 1]<UL><LI> startup_stm32f405xx.o(RESET)
</UL>
<P><STRONG><a name="[43]"></a>SDIO_IRQHandler</STRONG> (Thumb, 0 bytes, Stack size 0 bytes, startup_stm32f405xx.o(.text))
<BR>[Address Reference Count : 1]<UL><LI> startup_stm32f405xx.o(RESET)
</UL>
<P><STRONG><a name="[35]"></a>SPI1_IRQHandler</STRONG> (Thumb, 0 bytes, Stack size 0 bytes, startup_stm32f405xx.o(.text))
<BR>[Address Reference Count : 1]<UL><LI> startup_stm32f405xx.o(RESET)
</UL>
<P><STRONG><a name="[36]"></a>SPI2_IRQHandler</STRONG> (Thumb, 0 bytes, Stack size 0 bytes, startup_stm32f405xx.o(.text))
<BR>[Address Reference Count : 1]<UL><LI> startup_stm32f405xx.o(RESET)
</UL>
<P><STRONG><a name="[45]"></a>SPI3_IRQHandler</STRONG> (Thumb, 0 bytes, Stack size 0 bytes, startup_stm32f405xx.o(.text))
<BR>[Address Reference Count : 1]<UL><LI> startup_stm32f405xx.o(RESET)
</UL>
<P><STRONG><a name="[14]"></a>TAMP_STAMP_IRQHandler</STRONG> (Thumb, 0 bytes, Stack size 0 bytes, startup_stm32f405xx.o(.text))
<BR>[Address Reference Count : 1]<UL><LI> startup_stm32f405xx.o(RESET)
</UL>
<P><STRONG><a name="[2a]"></a>TIM1_BRK_TIM9_IRQHandler</STRONG> (Thumb, 0 bytes, Stack size 0 bytes, startup_stm32f405xx.o(.text))
<BR>[Address Reference Count : 1]<UL><LI> startup_stm32f405xx.o(RESET)
</UL>
<P><STRONG><a name="[2d]"></a>TIM1_CC_IRQHandler</STRONG> (Thumb, 0 bytes, Stack size 0 bytes, startup_stm32f405xx.o(.text))
<BR>[Address Reference Count : 1]<UL><LI> startup_stm32f405xx.o(RESET)
</UL>
<P><STRONG><a name="[2c]"></a>TIM1_TRG_COM_TIM11_IRQHandler</STRONG> (Thumb, 0 bytes, Stack size 0 bytes, startup_stm32f405xx.o(.text))
<BR>[Address Reference Count : 1]<UL><LI> startup_stm32f405xx.o(RESET)
</UL>
<P><STRONG><a name="[2e]"></a>TIM2_IRQHandler</STRONG> (Thumb, 0 bytes, Stack size 0 bytes, startup_stm32f405xx.o(.text))
<BR>[Address Reference Count : 1]<UL><LI> startup_stm32f405xx.o(RESET)
</UL>
<P><STRONG><a name="[2f]"></a>TIM3_IRQHandler</STRONG> (Thumb, 0 bytes, Stack size 0 bytes, startup_stm32f405xx.o(.text))
<BR>[Address Reference Count : 1]<UL><LI> startup_stm32f405xx.o(RESET)
</UL>
<P><STRONG><a name="[30]"></a>TIM4_IRQHandler</STRONG> (Thumb, 0 bytes, Stack size 0 bytes, startup_stm32f405xx.o(.text))
<BR>[Address Reference Count : 1]<UL><LI> startup_stm32f405xx.o(RESET)
</UL>
<P><STRONG><a name="[44]"></a>TIM5_IRQHandler</STRONG> (Thumb, 0 bytes, Stack size 0 bytes, startup_stm32f405xx.o(.text))
<BR>[Address Reference Count : 1]<UL><LI> startup_stm32f405xx.o(RESET)
</UL>
<P><STRONG><a name="[49]"></a>TIM7_IRQHandler</STRONG> (Thumb, 0 bytes, Stack size 0 bytes, startup_stm32f405xx.o(.text))
<BR>[Address Reference Count : 1]<UL><LI> startup_stm32f405xx.o(RESET)
</UL>
<P><STRONG><a name="[3d]"></a>TIM8_BRK_TIM12_IRQHandler</STRONG> (Thumb, 0 bytes, Stack size 0 bytes, startup_stm32f405xx.o(.text))
<BR>[Address Reference Count : 1]<UL><LI> startup_stm32f405xx.o(RESET)
</UL>
<P><STRONG><a name="[3f]"></a>TIM8_TRG_COM_TIM14_IRQHandler</STRONG> (Thumb, 0 bytes, Stack size 0 bytes, startup_stm32f405xx.o(.text))
<BR>[Address Reference Count : 1]<UL><LI> startup_stm32f405xx.o(RESET)
</UL>
<P><STRONG><a name="[3e]"></a>TIM8_UP_TIM13_IRQHandler</STRONG> (Thumb, 0 bytes, Stack size 0 bytes, startup_stm32f405xx.o(.text))
<BR>[Address Reference Count : 1]<UL><LI> startup_stm32f405xx.o(RESET)
</UL>
<P><STRONG><a name="[46]"></a>UART4_IRQHandler</STRONG> (Thumb, 0 bytes, Stack size 0 bytes, startup_stm32f405xx.o(.text))
<BR>[Address Reference Count : 1]<UL><LI> startup_stm32f405xx.o(RESET)
</UL>
<P><STRONG><a name="[47]"></a>UART5_IRQHandler</STRONG> (Thumb, 0 bytes, Stack size 0 bytes, startup_stm32f405xx.o(.text))
<BR>[Address Reference Count : 1]<UL><LI> startup_stm32f405xx.o(RESET)
</UL>
<P><STRONG><a name="[37]"></a>USART1_IRQHandler</STRONG> (Thumb, 0 bytes, Stack size 0 bytes, startup_stm32f405xx.o(.text))
<BR>[Address Reference Count : 1]<UL><LI> startup_stm32f405xx.o(RESET)
</UL>
<P><STRONG><a name="[38]"></a>USART2_IRQHandler</STRONG> (Thumb, 0 bytes, Stack size 0 bytes, startup_stm32f405xx.o(.text))
<BR>[Address Reference Count : 1]<UL><LI> startup_stm32f405xx.o(RESET)
</UL>
<P><STRONG><a name="[39]"></a>USART3_IRQHandler</STRONG> (Thumb, 0 bytes, Stack size 0 bytes, startup_stm32f405xx.o(.text))
<BR>[Address Reference Count : 1]<UL><LI> startup_stm32f405xx.o(RESET)
</UL>
<P><STRONG><a name="[57]"></a>USART6_IRQHandler</STRONG> (Thumb, 0 bytes, Stack size 0 bytes, startup_stm32f405xx.o(.text))
<BR>[Address Reference Count : 1]<UL><LI> startup_stm32f405xx.o(RESET)
</UL>
<P><STRONG><a name="[12]"></a>WWDG_IRQHandler</STRONG> (Thumb, 0 bytes, Stack size 0 bytes, startup_stm32f405xx.o(.text))
<BR>[Address Reference Count : 1]<UL><LI> startup_stm32f405xx.o(RESET)
</UL>
<P><STRONG><a name="[8e]"></a>__aeabi_uldivmod</STRONG> (Thumb, 98 bytes, Stack size 40 bytes, uldiv.o(.text))
<BR><BR>[Stack]<UL><LI>Max Depth = 40<LI>Call Chain = __aeabi_uldivmod
</UL>
<BR>[Calls]<UL><LI><a href="#[8f]">&gt;&gt;</a>&nbsp;&nbsp;&nbsp;__aeabi_llsr
<LI><a href="#[90]">&gt;&gt;</a>&nbsp;&nbsp;&nbsp;__aeabi_llsl
</UL>
<BR>[Called By]<UL><LI><a href="#[e9]">&gt;&gt;</a>&nbsp;&nbsp;&nbsp;HAL_RCC_GetSysClockFreq
<LI><a href="#[11b]">&gt;&gt;</a>&nbsp;&nbsp;&nbsp;UART_SetConfig
<LI><a href="#[181]">&gt;&gt;</a>&nbsp;&nbsp;&nbsp;_printf_core
<LI><a href="#[183]">&gt;&gt;</a>&nbsp;&nbsp;&nbsp;_fp_digits
</UL>

<P><STRONG><a name="[1c6]"></a>__aeabi_memcpy</STRONG> (Thumb, 36 bytes, Stack size 0 bytes, memcpya.o(.text))
<BR><BR>[Called By]<UL><LI><a href="#[1dd]">&gt;&gt;</a>&nbsp;&nbsp;&nbsp;lv_draw_map
<LI><a href="#[1cb]">&gt;&gt;</a>&nbsp;&nbsp;&nbsp;sw_color_fill
<LI><a href="#[69]">&gt;&gt;</a>&nbsp;&nbsp;&nbsp;lv_disp_refr_task
<LI><a href="#[1cc]">&gt;&gt;</a>&nbsp;&nbsp;&nbsp;lv_mem_realloc
<LI><a href="#[239]">&gt;&gt;</a>&nbsp;&nbsp;&nbsp;node_set_prev
<LI><a href="#[23a]">&gt;&gt;</a>&nbsp;&nbsp;&nbsp;node_set_next
<LI><a href="#[aa]">&gt;&gt;</a>&nbsp;&nbsp;&nbsp;lv_label_create
<LI><a href="#[229]">&gt;&gt;</a>&nbsp;&nbsp;&nbsp;lv_label_set_dot_tmp
</UL>

<P><STRONG><a name="[145]"></a>__aeabi_memcpy4</STRONG> (Thumb, 0 bytes, Stack size 0 bytes, memcpya.o(.text))
<BR><BR>[Called By]<UL><LI><a href="#[165]">&gt;&gt;</a>&nbsp;&nbsp;&nbsp;ads1115_value_read
<LI><a href="#[189]">&gt;&gt;</a>&nbsp;&nbsp;&nbsp;ads1115_get_voltage_val
<LI><a href="#[ab]">&gt;&gt;</a>&nbsp;&nbsp;&nbsp;lv_style_copy
<LI><a href="#[1b5]">&gt;&gt;</a>&nbsp;&nbsp;&nbsp;lv_anim_create
<LI><a href="#[18c]">&gt;&gt;</a>&nbsp;&nbsp;&nbsp;anim_ready_handler
<LI><a href="#[1b9]">&gt;&gt;</a>&nbsp;&nbsp;&nbsp;lv_disp_drv_register
<LI><a href="#[144]">&gt;&gt;</a>&nbsp;&nbsp;&nbsp;MX_FREERTOS_Init
</UL>

<P><STRONG><a name="[282]"></a>__aeabi_memcpy8</STRONG> (Thumb, 0 bytes, Stack size 0 bytes, memcpya.o(.text), UNUSED)

<P><STRONG><a name="[92]"></a>__aeabi_memset</STRONG> (Thumb, 14 bytes, Stack size 0 bytes, memseta.o(.text))
<BR><BR>[Called By]<UL><LI><a href="#[1cd]">&gt;&gt;</a>&nbsp;&nbsp;&nbsp;lv_mem_alloc
<LI><a href="#[18e]">&gt;&gt;</a>&nbsp;&nbsp;&nbsp;lv_mem_free
<LI><a href="#[93]">&gt;&gt;</a>&nbsp;&nbsp;&nbsp;memset
<LI><a href="#[91]">&gt;&gt;</a>&nbsp;&nbsp;&nbsp;__aeabi_memclr
</UL>

<P><STRONG><a name="[283]"></a>__aeabi_memset4</STRONG> (Thumb, 0 bytes, Stack size 0 bytes, memseta.o(.text), UNUSED)

<P><STRONG><a name="[284]"></a>__aeabi_memset8</STRONG> (Thumb, 0 bytes, Stack size 0 bytes, memseta.o(.text), UNUSED)

<P><STRONG><a name="[91]"></a>__aeabi_memclr</STRONG> (Thumb, 4 bytes, Stack size 0 bytes, memseta.o(.text))
<BR><BR>[Calls]<UL><LI><a href="#[92]">&gt;&gt;</a>&nbsp;&nbsp;&nbsp;__aeabi_memset
</UL>
<BR>[Called By]<UL><LI><a href="#[1ec]">&gt;&gt;</a>&nbsp;&nbsp;&nbsp;lv_draw_shadow_full
<LI><a href="#[239]">&gt;&gt;</a>&nbsp;&nbsp;&nbsp;node_set_prev
<LI><a href="#[23a]">&gt;&gt;</a>&nbsp;&nbsp;&nbsp;node_set_next
</UL>

<P><STRONG><a name="[cb]"></a>__aeabi_memclr4</STRONG> (Thumb, 0 bytes, Stack size 0 bytes, memseta.o(.text))
<BR><BR>[Called By]<UL><LI><a href="#[1fa]">&gt;&gt;</a>&nbsp;&nbsp;&nbsp;lv_img_cache_open
<LI><a href="#[69]">&gt;&gt;</a>&nbsp;&nbsp;&nbsp;lv_disp_refr_task
<LI><a href="#[1fc]">&gt;&gt;</a>&nbsp;&nbsp;&nbsp;lv_img_cache_set_size
<LI><a href="#[1fb]">&gt;&gt;</a>&nbsp;&nbsp;&nbsp;lv_img_decoder_open
<LI><a href="#[1f8]">&gt;&gt;</a>&nbsp;&nbsp;&nbsp;lv_img_cache_invalidate_src
<LI><a href="#[11a]">&gt;&gt;</a>&nbsp;&nbsp;&nbsp;HAL_UART_MspInit
<LI><a href="#[110]">&gt;&gt;</a>&nbsp;&nbsp;&nbsp;HAL_TIM_MspPostInit
<LI><a href="#[101]">&gt;&gt;</a>&nbsp;&nbsp;&nbsp;HAL_TIM_Encoder_MspInit
<LI><a href="#[f9]">&gt;&gt;</a>&nbsp;&nbsp;&nbsp;HAL_TIM_Base_MspInit
<LI><a href="#[f5]">&gt;&gt;</a>&nbsp;&nbsp;&nbsp;HAL_SPI_MspInit
<LI><a href="#[d4]">&gt;&gt;</a>&nbsp;&nbsp;&nbsp;HAL_I2C_MspInit
<LI><a href="#[c9]">&gt;&gt;</a>&nbsp;&nbsp;&nbsp;HAL_ADC_MspInit
<LI><a href="#[12d]">&gt;&gt;</a>&nbsp;&nbsp;&nbsp;Time_clear
<LI><a href="#[1b9]">&gt;&gt;</a>&nbsp;&nbsp;&nbsp;lv_disp_drv_register
<LI><a href="#[1b8]">&gt;&gt;</a>&nbsp;&nbsp;&nbsp;lv_disp_drv_init
<LI><a href="#[1b7]">&gt;&gt;</a>&nbsp;&nbsp;&nbsp;lv_disp_buf_init
<LI><a href="#[14f]">&gt;&gt;</a>&nbsp;&nbsp;&nbsp;MX_TIM3_Init
<LI><a href="#[14d]">&gt;&gt;</a>&nbsp;&nbsp;&nbsp;MX_TIM2_Init
<LI><a href="#[14a]">&gt;&gt;</a>&nbsp;&nbsp;&nbsp;MX_RTC_Init
<LI><a href="#[147]">&gt;&gt;</a>&nbsp;&nbsp;&nbsp;MX_GPIO_Init
<LI><a href="#[16b]">&gt;&gt;</a>&nbsp;&nbsp;&nbsp;SystemClock_Config
</UL>

<P><STRONG><a name="[285]"></a>__aeabi_memclr8</STRONG> (Thumb, 0 bytes, Stack size 0 bytes, memseta.o(.text), UNUSED)

<P><STRONG><a name="[93]"></a>memset</STRONG> (Thumb, 18 bytes, Stack size 8 bytes, memseta.o(.text), UNUSED)
<BR><BR>[Calls]<UL><LI><a href="#[92]">&gt;&gt;</a>&nbsp;&nbsp;&nbsp;__aeabi_memset
</UL>

<P><STRONG><a name="[214]"></a>strlen</STRONG> (Thumb, 14 bytes, Stack size 0 bytes, strlen.o(.text))
<BR><BR>[Called By]<UL><LI><a href="#[a8]">&gt;&gt;</a>&nbsp;&nbsp;&nbsp;lv_label_set_text
<LI><a href="#[aa]">&gt;&gt;</a>&nbsp;&nbsp;&nbsp;lv_label_create
<LI><a href="#[a5]">&gt;&gt;</a>&nbsp;&nbsp;&nbsp;lv_img_set_src
</UL>

<P><STRONG><a name="[215]"></a>strcpy</STRONG> (Thumb, 18 bytes, Stack size 0 bytes, strcpy.o(.text))
<BR><BR>[Called By]<UL><LI><a href="#[a8]">&gt;&gt;</a>&nbsp;&nbsp;&nbsp;lv_label_set_text
<LI><a href="#[a5]">&gt;&gt;</a>&nbsp;&nbsp;&nbsp;lv_img_set_src
</UL>

<P><STRONG><a name="[94]"></a>__aeabi_dadd</STRONG> (Thumb, 322 bytes, Stack size 48 bytes, dadd.o(.text))
<BR><BR>[Stack]<UL><LI>Max Depth = 88<LI>Call Chain = __aeabi_dadd &rArr; _double_epilogue &rArr; _double_round
</UL>
<BR>[Calls]<UL><LI><a href="#[95]">&gt;&gt;</a>&nbsp;&nbsp;&nbsp;__aeabi_lasr
<LI><a href="#[90]">&gt;&gt;</a>&nbsp;&nbsp;&nbsp;__aeabi_llsl
<LI><a href="#[97]">&gt;&gt;</a>&nbsp;&nbsp;&nbsp;_double_round
<LI><a href="#[96]">&gt;&gt;</a>&nbsp;&nbsp;&nbsp;_double_epilogue
</UL>
<BR>[Called By]<UL><LI><a href="#[98]">&gt;&gt;</a>&nbsp;&nbsp;&nbsp;__aeabi_dsub
<LI><a href="#[99]">&gt;&gt;</a>&nbsp;&nbsp;&nbsp;__aeabi_drsub
<LI><a href="#[c2]">&gt;&gt;</a>&nbsp;&nbsp;&nbsp;myln
<LI><a href="#[183]">&gt;&gt;</a>&nbsp;&nbsp;&nbsp;_fp_digits
</UL>

<P><STRONG><a name="[98]"></a>__aeabi_dsub</STRONG> (Thumb, 6 bytes, Stack size 0 bytes, dadd.o(.text))
<BR><BR>[Stack]<UL><LI>Max Depth = 88<LI>Call Chain = __aeabi_dsub &rArr; __aeabi_dadd &rArr; _double_epilogue &rArr; _double_round
</UL>
<BR>[Calls]<UL><LI><a href="#[94]">&gt;&gt;</a>&nbsp;&nbsp;&nbsp;__aeabi_dadd
</UL>
<BR>[Called By]<UL><LI><a href="#[c0]">&gt;&gt;</a>&nbsp;&nbsp;&nbsp;temp_GET_R
<LI><a href="#[c2]">&gt;&gt;</a>&nbsp;&nbsp;&nbsp;myln
<LI><a href="#[bf]">&gt;&gt;</a>&nbsp;&nbsp;&nbsp;Get_Kelvin_Temperature
</UL>

<P><STRONG><a name="[99]"></a>__aeabi_drsub</STRONG> (Thumb, 6 bytes, Stack size 0 bytes, dadd.o(.text))
<BR><BR>[Stack]<UL><LI>Max Depth = 88<LI>Call Chain = __aeabi_drsub &rArr; __aeabi_dadd &rArr; _double_epilogue &rArr; _double_round
</UL>
<BR>[Calls]<UL><LI><a href="#[94]">&gt;&gt;</a>&nbsp;&nbsp;&nbsp;__aeabi_dadd
</UL>
<BR>[Called By]<UL><LI><a href="#[bf]">&gt;&gt;</a>&nbsp;&nbsp;&nbsp;Get_Kelvin_Temperature
</UL>

<P><STRONG><a name="[9a]"></a>__aeabi_dmul</STRONG> (Thumb, 228 bytes, Stack size 48 bytes, dmul.o(.text))
<BR><BR>[Stack]<UL><LI>Max Depth = 88<LI>Call Chain = __aeabi_dmul &rArr; _double_epilogue &rArr; _double_round
</UL>
<BR>[Calls]<UL><LI><a href="#[96]">&gt;&gt;</a>&nbsp;&nbsp;&nbsp;_double_epilogue
</UL>
<BR>[Called By]<UL><LI><a href="#[189]">&gt;&gt;</a>&nbsp;&nbsp;&nbsp;ads1115_get_voltage_val
<LI><a href="#[c0]">&gt;&gt;</a>&nbsp;&nbsp;&nbsp;temp_GET_R
<LI><a href="#[c2]">&gt;&gt;</a>&nbsp;&nbsp;&nbsp;myln
<LI><a href="#[183]">&gt;&gt;</a>&nbsp;&nbsp;&nbsp;_fp_digits
</UL>

<P><STRONG><a name="[9b]"></a>__aeabi_ddiv</STRONG> (Thumb, 222 bytes, Stack size 32 bytes, ddiv.o(.text))
<BR><BR>[Stack]<UL><LI>Max Depth = 40<LI>Call Chain = __aeabi_ddiv &rArr; _double_round
</UL>
<BR>[Calls]<UL><LI><a href="#[97]">&gt;&gt;</a>&nbsp;&nbsp;&nbsp;_double_round
</UL>
<BR>[Called By]<UL><LI><a href="#[189]">&gt;&gt;</a>&nbsp;&nbsp;&nbsp;ads1115_get_voltage_val
<LI><a href="#[c0]">&gt;&gt;</a>&nbsp;&nbsp;&nbsp;temp_GET_R
<LI><a href="#[c2]">&gt;&gt;</a>&nbsp;&nbsp;&nbsp;myln
<LI><a href="#[bf]">&gt;&gt;</a>&nbsp;&nbsp;&nbsp;Get_Kelvin_Temperature
<LI><a href="#[183]">&gt;&gt;</a>&nbsp;&nbsp;&nbsp;_fp_digits
</UL>

<P><STRONG><a name="[9c]"></a>__aeabi_i2d</STRONG> (Thumb, 34 bytes, Stack size 16 bytes, dflti.o(.text))
<BR><BR>[Stack]<UL><LI>Max Depth = 56<LI>Call Chain = __aeabi_i2d &rArr; _double_epilogue &rArr; _double_round
</UL>
<BR>[Calls]<UL><LI><a href="#[96]">&gt;&gt;</a>&nbsp;&nbsp;&nbsp;_double_epilogue
</UL>
<BR>[Called By]<UL><LI><a href="#[189]">&gt;&gt;</a>&nbsp;&nbsp;&nbsp;ads1115_get_voltage_val
<LI><a href="#[c2]">&gt;&gt;</a>&nbsp;&nbsp;&nbsp;myln
</UL>

<P><STRONG><a name="[c1]"></a>__aeabi_f2d</STRONG> (Thumb, 38 bytes, Stack size 0 bytes, f2d.o(.text))
<BR><BR>[Called By]<UL><LI><a href="#[166]">&gt;&gt;</a>&nbsp;&nbsp;&nbsp;Voltage_Current_display
<LI><a href="#[c0]">&gt;&gt;</a>&nbsp;&nbsp;&nbsp;temp_GET_R
<LI><a href="#[bf]">&gt;&gt;</a>&nbsp;&nbsp;&nbsp;Get_Kelvin_Temperature
</UL>

<P><STRONG><a name="[9d]"></a>__aeabi_d2f</STRONG> (Thumb, 56 bytes, Stack size 8 bytes, d2f.o(.text))
<BR><BR>[Stack]<UL><LI>Max Depth = 8<LI>Call Chain = __aeabi_d2f
</UL>
<BR>[Calls]<UL><LI><a href="#[9e]">&gt;&gt;</a>&nbsp;&nbsp;&nbsp;_float_round
</UL>
<BR>[Called By]<UL><LI><a href="#[165]">&gt;&gt;</a>&nbsp;&nbsp;&nbsp;ads1115_value_read
<LI><a href="#[c0]">&gt;&gt;</a>&nbsp;&nbsp;&nbsp;temp_GET_R
<LI><a href="#[bf]">&gt;&gt;</a>&nbsp;&nbsp;&nbsp;Get_Kelvin_Temperature
</UL>

<P><STRONG><a name="[286]"></a>__aeabi_uidiv</STRONG> (Thumb, 0 bytes, Stack size 12 bytes, uidiv.o(.text), UNUSED)

<P><STRONG><a name="[187]"></a>__aeabi_uidivmod</STRONG> (Thumb, 44 bytes, Stack size 12 bytes, uidiv.o(.text), UNUSED)
<BR><BR>[Called By]<UL><LI><a href="#[181]">&gt;&gt;</a>&nbsp;&nbsp;&nbsp;_printf_core
</UL>

<P><STRONG><a name="[90]"></a>__aeabi_llsl</STRONG> (Thumb, 30 bytes, Stack size 0 bytes, llshl.o(.text))
<BR><BR>[Called By]<UL><LI><a href="#[94]">&gt;&gt;</a>&nbsp;&nbsp;&nbsp;__aeabi_dadd
<LI><a href="#[96]">&gt;&gt;</a>&nbsp;&nbsp;&nbsp;_double_epilogue
<LI><a href="#[9f]">&gt;&gt;</a>&nbsp;&nbsp;&nbsp;__aeabi_d2ulz
<LI><a href="#[8e]">&gt;&gt;</a>&nbsp;&nbsp;&nbsp;__aeabi_uldivmod
</UL>

<P><STRONG><a name="[287]"></a>_ll_shift_l</STRONG> (Thumb, 0 bytes, Stack size 0 bytes, llshl.o(.text), UNUSED)

<P><STRONG><a name="[8f]"></a>__aeabi_llsr</STRONG> (Thumb, 32 bytes, Stack size 0 bytes, llushr.o(.text))
<BR><BR>[Called By]<UL><LI><a href="#[96]">&gt;&gt;</a>&nbsp;&nbsp;&nbsp;_double_epilogue
<LI><a href="#[9f]">&gt;&gt;</a>&nbsp;&nbsp;&nbsp;__aeabi_d2ulz
<LI><a href="#[8e]">&gt;&gt;</a>&nbsp;&nbsp;&nbsp;__aeabi_uldivmod
</UL>

<P><STRONG><a name="[288]"></a>_ll_ushift_r</STRONG> (Thumb, 0 bytes, Stack size 0 bytes, llushr.o(.text), UNUSED)

<P><STRONG><a name="[95]"></a>__aeabi_lasr</STRONG> (Thumb, 36 bytes, Stack size 0 bytes, llsshr.o(.text))
<BR><BR>[Called By]<UL><LI><a href="#[94]">&gt;&gt;</a>&nbsp;&nbsp;&nbsp;__aeabi_dadd
</UL>

<P><STRONG><a name="[289]"></a>_ll_sshift_r</STRONG> (Thumb, 0 bytes, Stack size 0 bytes, llsshr.o(.text), UNUSED)

<P><STRONG><a name="[28a]"></a>__I$use$fp</STRONG> (Thumb, 0 bytes, Stack size 0 bytes, iusefp.o(.text), UNUSED)

<P><STRONG><a name="[9e]"></a>_float_round</STRONG> (Thumb, 18 bytes, Stack size 0 bytes, fepilogue.o(.text))
<BR><BR>[Called By]<UL><LI><a href="#[9d]">&gt;&gt;</a>&nbsp;&nbsp;&nbsp;__aeabi_d2f
</UL>

<P><STRONG><a name="[28b]"></a>_float_epilogue</STRONG> (Thumb, 92 bytes, Stack size 4 bytes, fepilogue.o(.text), UNUSED)

<P><STRONG><a name="[97]"></a>_double_round</STRONG> (Thumb, 30 bytes, Stack size 8 bytes, depilogue.o(.text))
<BR><BR>[Stack]<UL><LI>Max Depth = 8<LI>Call Chain = _double_round
</UL>
<BR>[Called By]<UL><LI><a href="#[9b]">&gt;&gt;</a>&nbsp;&nbsp;&nbsp;__aeabi_ddiv
<LI><a href="#[94]">&gt;&gt;</a>&nbsp;&nbsp;&nbsp;__aeabi_dadd
<LI><a href="#[96]">&gt;&gt;</a>&nbsp;&nbsp;&nbsp;_double_epilogue
</UL>

<P><STRONG><a name="[96]"></a>_double_epilogue</STRONG> (Thumb, 156 bytes, Stack size 32 bytes, depilogue.o(.text))
<BR><BR>[Stack]<UL><LI>Max Depth = 40<LI>Call Chain = _double_epilogue &rArr; _double_round
</UL>
<BR>[Calls]<UL><LI><a href="#[8f]">&gt;&gt;</a>&nbsp;&nbsp;&nbsp;__aeabi_llsr
<LI><a href="#[90]">&gt;&gt;</a>&nbsp;&nbsp;&nbsp;__aeabi_llsl
<LI><a href="#[97]">&gt;&gt;</a>&nbsp;&nbsp;&nbsp;_double_round
</UL>
<BR>[Called By]<UL><LI><a href="#[9c]">&gt;&gt;</a>&nbsp;&nbsp;&nbsp;__aeabi_i2d
<LI><a href="#[9a]">&gt;&gt;</a>&nbsp;&nbsp;&nbsp;__aeabi_dmul
<LI><a href="#[94]">&gt;&gt;</a>&nbsp;&nbsp;&nbsp;__aeabi_dadd
</UL>

<P><STRONG><a name="[9f]"></a>__aeabi_d2ulz</STRONG> (Thumb, 48 bytes, Stack size 0 bytes, dfixul.o(.text), UNUSED)
<BR><BR>[Calls]<UL><LI><a href="#[8f]">&gt;&gt;</a>&nbsp;&nbsp;&nbsp;__aeabi_llsr
<LI><a href="#[90]">&gt;&gt;</a>&nbsp;&nbsp;&nbsp;__aeabi_llsl
</UL>
<BR>[Called By]<UL><LI><a href="#[183]">&gt;&gt;</a>&nbsp;&nbsp;&nbsp;_fp_digits
</UL>

<P><STRONG><a name="[184]"></a>__aeabi_cdrcmple</STRONG> (Thumb, 48 bytes, Stack size 0 bytes, cdrcmple.o(.text), UNUSED)
<BR><BR>[Called By]<UL><LI><a href="#[183]">&gt;&gt;</a>&nbsp;&nbsp;&nbsp;_fp_digits
</UL>

<P><STRONG><a name="[8c]"></a>__scatterload</STRONG> (Thumb, 28 bytes, Stack size 0 bytes, init.o(.text))
<BR><BR>[Calls]<UL><LI><a href="#[a0]">&gt;&gt;</a>&nbsp;&nbsp;&nbsp;__main_after_scatterload
</UL>
<BR>[Called By]<UL><LI><a href="#[8b]">&gt;&gt;</a>&nbsp;&nbsp;&nbsp;_main_scatterload
</UL>

<P><STRONG><a name="[28c]"></a>__scatterload_rt2</STRONG> (Thumb, 0 bytes, Stack size 0 bytes, init.o(.text), UNUSED)

<P><STRONG><a name="[28d]"></a>__decompress</STRONG> (Thumb, 0 bytes, Stack size unknown bytes, __dczerorl2.o(.text), UNUSED)

<P><STRONG><a name="[28e]"></a>__decompress1</STRONG> (Thumb, 86 bytes, Stack size unknown bytes, __dczerorl2.o(.text), UNUSED)

<P><STRONG><a name="[24]"></a>ADC_IRQHandler</STRONG> (Thumb, 6 bytes, Stack size 0 bytes, stm32f4xx_it.o(i.ADC_IRQHandler))
<BR><BR>[Stack]<UL><LI>Max Depth = 24<LI>Call Chain = ADC_IRQHandler &rArr; HAL_ADC_IRQHandler &rArr; HAL_ADC_ConvCpltCallback
</UL>
<BR>[Calls]<UL><LI><a href="#[a1]">&gt;&gt;</a>&nbsp;&nbsp;&nbsp;HAL_ADC_IRQHandler
</UL>
<BR>[Address Reference Count : 1]<UL><LI> startup_stm32f405xx.o(RESET)
</UL>
<P><STRONG><a name="[a2]"></a>Background_display</STRONG> (Thumb, 38 bytes, Stack size 16 bytes, lv_obj_my.o(i.Background_display))
<BR><BR>[Stack]<UL><LI>Max Depth = 256<LI>Call Chain = Background_display &rArr; lv_img_create &rArr; lv_img_set_src &rArr; lv_obj_set_size &rArr; lv_obj_realign &rArr; lv_obj_align_origo &rArr; lv_obj_set_pos &rArr; lv_obj_invalidate &rArr; lv_inv_area &rArr; lv_area_intersect
</UL>
<BR>[Calls]<UL><LI><a href="#[a6]">&gt;&gt;</a>&nbsp;&nbsp;&nbsp;lv_obj_align
<LI><a href="#[a5]">&gt;&gt;</a>&nbsp;&nbsp;&nbsp;lv_img_set_src
<LI><a href="#[a4]">&gt;&gt;</a>&nbsp;&nbsp;&nbsp;lv_img_create
<LI><a href="#[a3]">&gt;&gt;</a>&nbsp;&nbsp;&nbsp;lv_scr_act
</UL>
<BR>[Called By]<UL><LI><a href="#[60]">&gt;&gt;</a>&nbsp;&nbsp;&nbsp;main
</UL>

<P><STRONG><a name="[c]"></a>BusFault_Handler</STRONG> (Thumb, 2 bytes, Stack size 0 bytes, stm32f4xx_it.o(i.BusFault_Handler))
<BR><BR>[Calls]<UL><LI><a href="#[c]">&gt;&gt;</a>&nbsp;&nbsp;&nbsp;BusFault_Handler
</UL>
<BR>[Called By]<UL><LI><a href="#[c]">&gt;&gt;</a>&nbsp;&nbsp;&nbsp;BusFault_Handler
</UL>
<BR>[Address Reference Count : 1]<UL><LI> startup_stm32f405xx.o(RESET)
</UL>
<P><STRONG><a name="[a7]"></a>Current_display</STRONG> (Thumb, 10 bytes, Stack size 0 bytes, lv_obj_my.o(i.Current_display))
<BR><BR>[Stack]<UL><LI>Max Depth = 288<LI>Call Chain = Current_display &rArr; lv_label_set_text &rArr; lv_label_refr_text &rArr; lv_obj_set_height &rArr; lv_obj_set_size &rArr; lv_obj_realign &rArr; lv_obj_align_origo &rArr; lv_obj_set_pos &rArr; lv_obj_invalidate &rArr; lv_inv_area &rArr; lv_area_intersect
</UL>
<BR>[Calls]<UL><LI><a href="#[a8]">&gt;&gt;</a>&nbsp;&nbsp;&nbsp;lv_label_set_text
</UL>
<BR>[Called By]<UL><LI><a href="#[166]">&gt;&gt;</a>&nbsp;&nbsp;&nbsp;Voltage_Current_display
</UL>

<P><STRONG><a name="[a9]"></a>Current_display_init</STRONG> (Thumb, 62 bytes, Stack size 16 bytes, lv_obj_my.o(i.Current_display_init))
<BR><BR>[Stack]<UL><LI>Max Depth = 328<LI>Call Chain = Current_display_init &rArr; lv_label_create &rArr; lv_label_set_text &rArr; lv_label_refr_text &rArr; lv_obj_set_height &rArr; lv_obj_set_size &rArr; lv_obj_realign &rArr; lv_obj_align_origo &rArr; lv_obj_set_pos &rArr; lv_obj_invalidate &rArr; lv_inv_area &rArr; lv_area_intersect
</UL>
<BR>[Calls]<UL><LI><a href="#[ac]">&gt;&gt;</a>&nbsp;&nbsp;&nbsp;lv_obj_set_style
<LI><a href="#[a6]">&gt;&gt;</a>&nbsp;&nbsp;&nbsp;lv_obj_align
<LI><a href="#[ab]">&gt;&gt;</a>&nbsp;&nbsp;&nbsp;lv_style_copy
<LI><a href="#[a8]">&gt;&gt;</a>&nbsp;&nbsp;&nbsp;lv_label_set_text
<LI><a href="#[aa]">&gt;&gt;</a>&nbsp;&nbsp;&nbsp;lv_label_create
<LI><a href="#[a3]">&gt;&gt;</a>&nbsp;&nbsp;&nbsp;lv_scr_act
</UL>
<BR>[Called By]<UL><LI><a href="#[60]">&gt;&gt;</a>&nbsp;&nbsp;&nbsp;main
</UL>

<P><STRONG><a name="[ad]"></a>Current_setting_display</STRONG> (Thumb, 10 bytes, Stack size 0 bytes, lv_obj_my.o(i.Current_setting_display))
<BR><BR>[Stack]<UL><LI>Max Depth = 288<LI>Call Chain = Current_setting_display &rArr; lv_label_set_text &rArr; lv_label_refr_text &rArr; lv_obj_set_height &rArr; lv_obj_set_size &rArr; lv_obj_realign &rArr; lv_obj_align_origo &rArr; lv_obj_set_pos &rArr; lv_obj_invalidate &rArr; lv_inv_area &rArr; lv_area_intersect
</UL>
<BR>[Calls]<UL><LI><a href="#[a8]">&gt;&gt;</a>&nbsp;&nbsp;&nbsp;lv_label_set_text
</UL>
<BR>[Called By]<UL><LI><a href="#[19c]">&gt;&gt;</a>&nbsp;&nbsp;&nbsp;power_setup
<LI><a href="#[19b]">&gt;&gt;</a>&nbsp;&nbsp;&nbsp;electric_setup
<LI><a href="#[191]">&gt;&gt;</a>&nbsp;&nbsp;&nbsp;battery_setup
<LI><a href="#[121]">&gt;&gt;</a>&nbsp;&nbsp;&nbsp;Init_display_mode
</UL>

<P><STRONG><a name="[ae]"></a>Current_setting_display_init</STRONG> (Thumb, 54 bytes, Stack size 16 bytes, lv_obj_my.o(i.Current_setting_display_init))
<BR><BR>[Stack]<UL><LI>Max Depth = 328<LI>Call Chain = Current_setting_display_init &rArr; lv_label_create &rArr; lv_label_set_text &rArr; lv_label_refr_text &rArr; lv_obj_set_height &rArr; lv_obj_set_size &rArr; lv_obj_realign &rArr; lv_obj_align_origo &rArr; lv_obj_set_pos &rArr; lv_obj_invalidate &rArr; lv_inv_area &rArr; lv_area_intersect
</UL>
<BR>[Calls]<UL><LI><a href="#[ac]">&gt;&gt;</a>&nbsp;&nbsp;&nbsp;lv_obj_set_style
<LI><a href="#[a6]">&gt;&gt;</a>&nbsp;&nbsp;&nbsp;lv_obj_align
<LI><a href="#[ab]">&gt;&gt;</a>&nbsp;&nbsp;&nbsp;lv_style_copy
<LI><a href="#[aa]">&gt;&gt;</a>&nbsp;&nbsp;&nbsp;lv_label_create
<LI><a href="#[a3]">&gt;&gt;</a>&nbsp;&nbsp;&nbsp;lv_scr_act
</UL>
<BR>[Called By]<UL><LI><a href="#[60]">&gt;&gt;</a>&nbsp;&nbsp;&nbsp;main
</UL>

<P><STRONG><a name="[f]"></a>DebugMon_Handler</STRONG> (Thumb, 2 bytes, Stack size 0 bytes, stm32f4xx_it.o(i.DebugMon_Handler))
<BR>[Address Reference Count : 1]<UL><LI> startup_stm32f405xx.o(RESET)
</UL>
<P><STRONG><a name="[af]"></a>ENCODER_Init</STRONG> (Thumb, 8 bytes, Stack size 0 bytes, encoder.o(i.ENCODER_Init))
<BR><BR>[Stack]<UL><LI>Max Depth = 24<LI>Call Chain = ENCODER_Init &rArr; HAL_TIM_Encoder_Start &rArr; TIM_CCxChannelCmd
</UL>
<BR>[Calls]<UL><LI><a href="#[b0]">&gt;&gt;</a>&nbsp;&nbsp;&nbsp;HAL_TIM_Encoder_Start
</UL>
<BR>[Called By]<UL><LI><a href="#[60]">&gt;&gt;</a>&nbsp;&nbsp;&nbsp;main
</UL>

<P><STRONG><a name="[29]"></a>EXTI9_5_IRQHandler</STRONG> (Thumb, 22 bytes, Stack size 8 bytes, stm32f4xx_it.o(i.EXTI9_5_IRQHandler))
<BR><BR>[Stack]<UL><LI>Max Depth = 32<LI>Call Chain = EXTI9_5_IRQHandler &rArr; HAL_GPIO_EXTI_IRQHandler &rArr; HAL_GPIO_EXTI_Callback
</UL>
<BR>[Calls]<UL><LI><a href="#[b1]">&gt;&gt;</a>&nbsp;&nbsp;&nbsp;HAL_GPIO_EXTI_IRQHandler
</UL>
<BR>[Address Reference Count : 1]<UL><LI> startup_stm32f405xx.o(RESET)
</UL>
<P><STRONG><a name="[f0]"></a>Error_Handler</STRONG> (Thumb, 4 bytes, Stack size 0 bytes, main.o(i.Error_Handler))
<BR><BR>[Called By]<UL><LI><a href="#[ed]">&gt;&gt;</a>&nbsp;&nbsp;&nbsp;HAL_RTC_MspInit
<LI><a href="#[152]">&gt;&gt;</a>&nbsp;&nbsp;&nbsp;MX_USART1_UART_Init
<LI><a href="#[151]">&gt;&gt;</a>&nbsp;&nbsp;&nbsp;MX_TIM8_Init
<LI><a href="#[150]">&gt;&gt;</a>&nbsp;&nbsp;&nbsp;MX_TIM6_Init
<LI><a href="#[14f]">&gt;&gt;</a>&nbsp;&nbsp;&nbsp;MX_TIM3_Init
<LI><a href="#[14d]">&gt;&gt;</a>&nbsp;&nbsp;&nbsp;MX_TIM2_Init
<LI><a href="#[14c]">&gt;&gt;</a>&nbsp;&nbsp;&nbsp;MX_SPI2_Init
<LI><a href="#[14b]">&gt;&gt;</a>&nbsp;&nbsp;&nbsp;MX_SPI1_Init
<LI><a href="#[14a]">&gt;&gt;</a>&nbsp;&nbsp;&nbsp;MX_RTC_Init
<LI><a href="#[149]">&gt;&gt;</a>&nbsp;&nbsp;&nbsp;MX_I2C2_Init
<LI><a href="#[148]">&gt;&gt;</a>&nbsp;&nbsp;&nbsp;MX_I2C1_Init
<LI><a href="#[142]">&gt;&gt;</a>&nbsp;&nbsp;&nbsp;MX_ADC1_Init
</UL>

<P><STRONG><a name="[b2]"></a>Exit_setup</STRONG> (Thumb, 68 bytes, Stack size 8 bytes, lv_obj_my.o(i.Exit_setup))
<BR><BR>[Stack]<UL><LI>Max Depth = 224<LI>Call Chain = Exit_setup &rArr; lv_obj_del &rArr; delete_children &rArr;  delete_children (Cycle)
</UL>
<BR>[Calls]<UL><LI><a href="#[b3]">&gt;&gt;</a>&nbsp;&nbsp;&nbsp;lv_obj_del
</UL>
<BR>[Called By]<UL><LI><a href="#[128]">&gt;&gt;</a>&nbsp;&nbsp;&nbsp;KEY_Exit_setup
</UL>

<P><STRONG><a name="[b4]"></a>FAN_speed_display</STRONG> (Thumb, 10 bytes, Stack size 0 bytes, lv_obj_my.o(i.FAN_speed_display))
<BR><BR>[Stack]<UL><LI>Max Depth = 288<LI>Call Chain = FAN_speed_display &rArr; lv_label_set_text &rArr; lv_label_refr_text &rArr; lv_obj_set_height &rArr; lv_obj_set_size &rArr; lv_obj_realign &rArr; lv_obj_align_origo &rArr; lv_obj_set_pos &rArr; lv_obj_invalidate &rArr; lv_inv_area &rArr; lv_area_intersect
</UL>
<BR>[Calls]<UL><LI><a href="#[a8]">&gt;&gt;</a>&nbsp;&nbsp;&nbsp;lv_label_set_text
</UL>
<BR>[Called By]<UL><LI><a href="#[b9]">&gt;&gt;</a>&nbsp;&nbsp;&nbsp;Fan_speed_read
</UL>

<P><STRONG><a name="[b5]"></a>FAN_speed_display_init</STRONG> (Thumb, 62 bytes, Stack size 16 bytes, lv_obj_my.o(i.FAN_speed_display_init))
<BR><BR>[Stack]<UL><LI>Max Depth = 328<LI>Call Chain = FAN_speed_display_init &rArr; lv_label_create &rArr; lv_label_set_text &rArr; lv_label_refr_text &rArr; lv_obj_set_height &rArr; lv_obj_set_size &rArr; lv_obj_realign &rArr; lv_obj_align_origo &rArr; lv_obj_set_pos &rArr; lv_obj_invalidate &rArr; lv_inv_area &rArr; lv_area_intersect
</UL>
<BR>[Calls]<UL><LI><a href="#[ac]">&gt;&gt;</a>&nbsp;&nbsp;&nbsp;lv_obj_set_style
<LI><a href="#[a6]">&gt;&gt;</a>&nbsp;&nbsp;&nbsp;lv_obj_align
<LI><a href="#[ab]">&gt;&gt;</a>&nbsp;&nbsp;&nbsp;lv_style_copy
<LI><a href="#[a8]">&gt;&gt;</a>&nbsp;&nbsp;&nbsp;lv_label_set_text
<LI><a href="#[aa]">&gt;&gt;</a>&nbsp;&nbsp;&nbsp;lv_label_create
<LI><a href="#[a3]">&gt;&gt;</a>&nbsp;&nbsp;&nbsp;lv_scr_act
</UL>
<BR>[Called By]<UL><LI><a href="#[60]">&gt;&gt;</a>&nbsp;&nbsp;&nbsp;main
</UL>

<P><STRONG><a name="[b6]"></a>Fan_speed_init</STRONG> (Thumb, 28 bytes, Stack size 8 bytes, fan_speed.o(i.Fan_speed_init))
<BR><BR>[Stack]<UL><LI>Max Depth = 28<LI>Call Chain = Fan_speed_init &rArr; HAL_TIM_IC_Start_IT &rArr; TIM_CCxChannelCmd
</UL>
<BR>[Calls]<UL><LI><a href="#[b8]">&gt;&gt;</a>&nbsp;&nbsp;&nbsp;HAL_TIM_PWM_Start
<LI><a href="#[b7]">&gt;&gt;</a>&nbsp;&nbsp;&nbsp;HAL_TIM_IC_Start_IT
</UL>
<BR>[Called By]<UL><LI><a href="#[60]">&gt;&gt;</a>&nbsp;&nbsp;&nbsp;main
</UL>

<P><STRONG><a name="[b9]"></a>Fan_speed_read</STRONG> (Thumb, 110 bytes, Stack size 8 bytes, fan_speed.o(i.Fan_speed_read))
<BR><BR>[Stack]<UL><LI>Max Depth = 296<LI>Call Chain = Fan_speed_read &rArr; FAN_speed_display &rArr; lv_label_set_text &rArr; lv_label_refr_text &rArr; lv_obj_set_height &rArr; lv_obj_set_size &rArr; lv_obj_realign &rArr; lv_obj_align_origo &rArr; lv_obj_set_pos &rArr; lv_obj_invalidate &rArr; lv_inv_area &rArr; lv_area_intersect
</UL>
<BR>[Calls]<UL><LI><a href="#[b4]">&gt;&gt;</a>&nbsp;&nbsp;&nbsp;FAN_speed_display
</UL>
<BR>[Called By]<UL><LI><a href="#[87]">&gt;&gt;</a>&nbsp;&nbsp;&nbsp;StartFan_speed
</UL>

<P><STRONG><a name="[ba]"></a>GET_Time</STRONG> (Thumb, 90 bytes, Stack size 24 bytes, rtc_time.o(i.GET_Time))
<BR><BR>[Stack]<UL><LI>Max Depth = 312<LI>Call Chain = GET_Time &rArr; Run_Time &rArr; lv_label_set_text &rArr; lv_label_refr_text &rArr; lv_obj_set_height &rArr; lv_obj_set_size &rArr; lv_obj_realign &rArr; lv_obj_align_origo &rArr; lv_obj_set_pos &rArr; lv_obj_invalidate &rArr; lv_inv_area &rArr; lv_area_intersect
</UL>
<BR>[Calls]<UL><LI><a href="#[bb]">&gt;&gt;</a>&nbsp;&nbsp;&nbsp;HAL_RTC_GetTime
<LI><a href="#[bc]">&gt;&gt;</a>&nbsp;&nbsp;&nbsp;HAL_RTC_GetDate
<LI><a href="#[be]">&gt;&gt;</a>&nbsp;&nbsp;&nbsp;Run_Time
<LI><a href="#[bd]">&gt;&gt;</a>&nbsp;&nbsp;&nbsp;__2sprintf
</UL>
<BR>[Called By]<UL><LI><a href="#[86]">&gt;&gt;</a>&nbsp;&nbsp;&nbsp;StartTime
</UL>

<P><STRONG><a name="[bf]"></a>Get_Kelvin_Temperature</STRONG> (Thumb, 124 bytes, Stack size 16 bytes, temp.o(i.Get_Kelvin_Temperature))
<BR><BR>[Stack]<UL><LI>Max Depth = 152<LI>Call Chain = Get_Kelvin_Temperature &rArr; myln &rArr; __aeabi_dsub &rArr; __aeabi_dadd &rArr; _double_epilogue &rArr; _double_round
</UL>
<BR>[Calls]<UL><LI><a href="#[c1]">&gt;&gt;</a>&nbsp;&nbsp;&nbsp;__aeabi_f2d
<LI><a href="#[98]">&gt;&gt;</a>&nbsp;&nbsp;&nbsp;__aeabi_dsub
<LI><a href="#[99]">&gt;&gt;</a>&nbsp;&nbsp;&nbsp;__aeabi_drsub
<LI><a href="#[9b]">&gt;&gt;</a>&nbsp;&nbsp;&nbsp;__aeabi_ddiv
<LI><a href="#[9d]">&gt;&gt;</a>&nbsp;&nbsp;&nbsp;__aeabi_d2f
<LI><a href="#[c0]">&gt;&gt;</a>&nbsp;&nbsp;&nbsp;temp_GET_R
<LI><a href="#[c2]">&gt;&gt;</a>&nbsp;&nbsp;&nbsp;myln
</UL>
<BR>[Called By]<UL><LI><a href="#[164]">&gt;&gt;</a>&nbsp;&nbsp;&nbsp;Temp_read
</UL>

<P><STRONG><a name="[c5]"></a>HAL_ADCEx_InjectedConvCpltCallback</STRONG> (Thumb, 2 bytes, Stack size 0 bytes, stm32f4xx_hal_adc_ex.o(i.HAL_ADCEx_InjectedConvCpltCallback))
<BR><BR>[Called By]<UL><LI><a href="#[a1]">&gt;&gt;</a>&nbsp;&nbsp;&nbsp;HAL_ADC_IRQHandler
</UL>

<P><STRONG><a name="[143]"></a>HAL_ADC_ConfigChannel</STRONG> (Thumb, 316 bytes, Stack size 20 bytes, stm32f4xx_hal_adc.o(i.HAL_ADC_ConfigChannel))
<BR><BR>[Stack]<UL><LI>Max Depth = 20<LI>Call Chain = HAL_ADC_ConfigChannel
</UL>
<BR>[Called By]<UL><LI><a href="#[142]">&gt;&gt;</a>&nbsp;&nbsp;&nbsp;MX_ADC1_Init
</UL>

<P><STRONG><a name="[c3]"></a>HAL_ADC_ConvCpltCallback</STRONG> (Thumb, 12 bytes, Stack size 8 bytes, stm32f4xx_it.o(i.HAL_ADC_ConvCpltCallback))
<BR><BR>[Stack]<UL><LI>Max Depth = 8<LI>Call Chain = HAL_ADC_ConvCpltCallback
</UL>
<BR>[Calls]<UL><LI><a href="#[c4]">&gt;&gt;</a>&nbsp;&nbsp;&nbsp;HAL_ADC_GetValue
</UL>
<BR>[Called By]<UL><LI><a href="#[a1]">&gt;&gt;</a>&nbsp;&nbsp;&nbsp;HAL_ADC_IRQHandler
</UL>

<P><STRONG><a name="[c7]"></a>HAL_ADC_ErrorCallback</STRONG> (Thumb, 2 bytes, Stack size 0 bytes, stm32f4xx_hal_adc.o(i.HAL_ADC_ErrorCallback))
<BR><BR>[Called By]<UL><LI><a href="#[a1]">&gt;&gt;</a>&nbsp;&nbsp;&nbsp;HAL_ADC_IRQHandler
</UL>

<P><STRONG><a name="[c4]"></a>HAL_ADC_GetValue</STRONG> (Thumb, 6 bytes, Stack size 0 bytes, stm32f4xx_hal_adc.o(i.HAL_ADC_GetValue))
<BR><BR>[Called By]<UL><LI><a href="#[c3]">&gt;&gt;</a>&nbsp;&nbsp;&nbsp;HAL_ADC_ConvCpltCallback
</UL>

<P><STRONG><a name="[a1]"></a>HAL_ADC_IRQHandler</STRONG> (Thumb, 316 bytes, Stack size 16 bytes, stm32f4xx_hal_adc.o(i.HAL_ADC_IRQHandler))
<BR><BR>[Stack]<UL><LI>Max Depth = 24<LI>Call Chain = HAL_ADC_IRQHandler &rArr; HAL_ADC_ConvCpltCallback
</UL>
<BR>[Calls]<UL><LI><a href="#[c6]">&gt;&gt;</a>&nbsp;&nbsp;&nbsp;HAL_ADC_LevelOutOfWindowCallback
<LI><a href="#[c7]">&gt;&gt;</a>&nbsp;&nbsp;&nbsp;HAL_ADC_ErrorCallback
<LI><a href="#[c5]">&gt;&gt;</a>&nbsp;&nbsp;&nbsp;HAL_ADCEx_InjectedConvCpltCallback
<LI><a href="#[c3]">&gt;&gt;</a>&nbsp;&nbsp;&nbsp;HAL_ADC_ConvCpltCallback
</UL>
<BR>[Called By]<UL><LI><a href="#[24]">&gt;&gt;</a>&nbsp;&nbsp;&nbsp;ADC_IRQHandler
</UL>

<P><STRONG><a name="[c8]"></a>HAL_ADC_Init</STRONG> (Thumb, 84 bytes, Stack size 16 bytes, stm32f4xx_hal_adc.o(i.HAL_ADC_Init))
<BR><BR>[Stack]<UL><LI>Max Depth = 88<LI>Call Chain = HAL_ADC_Init &rArr; HAL_ADC_MspInit &rArr; HAL_GPIO_Init
</UL>
<BR>[Calls]<UL><LI><a href="#[ca]">&gt;&gt;</a>&nbsp;&nbsp;&nbsp;ADC_Init
<LI><a href="#[c9]">&gt;&gt;</a>&nbsp;&nbsp;&nbsp;HAL_ADC_MspInit
</UL>
<BR>[Called By]<UL><LI><a href="#[142]">&gt;&gt;</a>&nbsp;&nbsp;&nbsp;MX_ADC1_Init
</UL>

<P><STRONG><a name="[c6]"></a>HAL_ADC_LevelOutOfWindowCallback</STRONG> (Thumb, 2 bytes, Stack size 0 bytes, stm32f4xx_hal_adc.o(i.HAL_ADC_LevelOutOfWindowCallback))
<BR><BR>[Called By]<UL><LI><a href="#[a1]">&gt;&gt;</a>&nbsp;&nbsp;&nbsp;HAL_ADC_IRQHandler
</UL>

<P><STRONG><a name="[c9]"></a>HAL_ADC_MspInit</STRONG> (Thumb, 100 bytes, Stack size 32 bytes, adc.o(i.HAL_ADC_MspInit))
<BR><BR>[Stack]<UL><LI>Max Depth = 72<LI>Call Chain = HAL_ADC_MspInit &rArr; HAL_GPIO_Init
</UL>
<BR>[Calls]<UL><LI><a href="#[cd]">&gt;&gt;</a>&nbsp;&nbsp;&nbsp;HAL_NVIC_SetPriority
<LI><a href="#[ce]">&gt;&gt;</a>&nbsp;&nbsp;&nbsp;HAL_NVIC_EnableIRQ
<LI><a href="#[cc]">&gt;&gt;</a>&nbsp;&nbsp;&nbsp;HAL_GPIO_Init
<LI><a href="#[cb]">&gt;&gt;</a>&nbsp;&nbsp;&nbsp;__aeabi_memclr4
</UL>
<BR>[Called By]<UL><LI><a href="#[c8]">&gt;&gt;</a>&nbsp;&nbsp;&nbsp;HAL_ADC_Init
</UL>

<P><STRONG><a name="[16f]"></a>HAL_ADC_Start_IT</STRONG> (Thumb, 238 bytes, Stack size 12 bytes, stm32f4xx_hal_adc.o(i.HAL_ADC_Start_IT))
<BR><BR>[Stack]<UL><LI>Max Depth = 12<LI>Call Chain = HAL_ADC_Start_IT
</UL>
<BR>[Called By]<UL><LI><a href="#[16e]">&gt;&gt;</a>&nbsp;&nbsp;&nbsp;Temp_Init
</UL>

<P><STRONG><a name="[cf]"></a>HAL_Delay</STRONG> (Thumb, 32 bytes, Stack size 16 bytes, stm32f4xx_hal.o(i.HAL_Delay))
<BR><BR>[Stack]<UL><LI>Max Depth = 16<LI>Call Chain = HAL_Delay
</UL>
<BR>[Calls]<UL><LI><a href="#[d0]">&gt;&gt;</a>&nbsp;&nbsp;&nbsp;HAL_GetTick
</UL>
<BR>[Called By]<UL><LI><a href="#[189]">&gt;&gt;</a>&nbsp;&nbsp;&nbsp;ads1115_get_voltage_val
<LI><a href="#[13c]">&gt;&gt;</a>&nbsp;&nbsp;&nbsp;LCD_Init
</UL>

<P><STRONG><a name="[d1]"></a>HAL_GPIO_EXTI_Callback</STRONG> (Thumb, 52 bytes, Stack size 16 bytes, stm32f4xx_it.o(i.HAL_GPIO_EXTI_Callback))
<BR><BR>[Stack]<UL><LI>Max Depth = 16<LI>Call Chain = HAL_GPIO_EXTI_Callback
</UL>
<BR>[Calls]<UL><LI><a href="#[d2]">&gt;&gt;</a>&nbsp;&nbsp;&nbsp;HAL_GPIO_ReadPin
</UL>
<BR>[Called By]<UL><LI><a href="#[b1]">&gt;&gt;</a>&nbsp;&nbsp;&nbsp;HAL_GPIO_EXTI_IRQHandler
</UL>

<P><STRONG><a name="[b1]"></a>HAL_GPIO_EXTI_IRQHandler</STRONG> (Thumb, 18 bytes, Stack size 8 bytes, stm32f4xx_hal_gpio.o(i.HAL_GPIO_EXTI_IRQHandler))
<BR><BR>[Stack]<UL><LI>Max Depth = 24<LI>Call Chain = HAL_GPIO_EXTI_IRQHandler &rArr; HAL_GPIO_EXTI_Callback
</UL>
<BR>[Calls]<UL><LI><a href="#[d1]">&gt;&gt;</a>&nbsp;&nbsp;&nbsp;HAL_GPIO_EXTI_Callback
</UL>
<BR>[Called By]<UL><LI><a href="#[29]">&gt;&gt;</a>&nbsp;&nbsp;&nbsp;EXTI9_5_IRQHandler
</UL>

<P><STRONG><a name="[cc]"></a>HAL_GPIO_Init</STRONG> (Thumb, 450 bytes, Stack size 40 bytes, stm32f4xx_hal_gpio.o(i.HAL_GPIO_Init))
<BR><BR>[Stack]<UL><LI>Max Depth = 40<LI>Call Chain = HAL_GPIO_Init
</UL>
<BR>[Called By]<UL><LI><a href="#[11a]">&gt;&gt;</a>&nbsp;&nbsp;&nbsp;HAL_UART_MspInit
<LI><a href="#[110]">&gt;&gt;</a>&nbsp;&nbsp;&nbsp;HAL_TIM_MspPostInit
<LI><a href="#[101]">&gt;&gt;</a>&nbsp;&nbsp;&nbsp;HAL_TIM_Encoder_MspInit
<LI><a href="#[f9]">&gt;&gt;</a>&nbsp;&nbsp;&nbsp;HAL_TIM_Base_MspInit
<LI><a href="#[f5]">&gt;&gt;</a>&nbsp;&nbsp;&nbsp;HAL_SPI_MspInit
<LI><a href="#[d4]">&gt;&gt;</a>&nbsp;&nbsp;&nbsp;HAL_I2C_MspInit
<LI><a href="#[c9]">&gt;&gt;</a>&nbsp;&nbsp;&nbsp;HAL_ADC_MspInit
<LI><a href="#[147]">&gt;&gt;</a>&nbsp;&nbsp;&nbsp;MX_GPIO_Init
</UL>

<P><STRONG><a name="[d2]"></a>HAL_GPIO_ReadPin</STRONG> (Thumb, 10 bytes, Stack size 0 bytes, stm32f4xx_hal_gpio.o(i.HAL_GPIO_ReadPin))
<BR><BR>[Called By]<UL><LI><a href="#[d1]">&gt;&gt;</a>&nbsp;&nbsp;&nbsp;HAL_GPIO_EXTI_Callback
<LI><a href="#[129]">&gt;&gt;</a>&nbsp;&nbsp;&nbsp;KEY_Scan
</UL>

<P><STRONG><a name="[12f]"></a>HAL_GPIO_TogglePin</STRONG> (Thumb, 16 bytes, Stack size 0 bytes, stm32f4xx_hal_gpio.o(i.HAL_GPIO_TogglePin))
<BR><BR>[Called By]<UL><LI><a href="#[12a]">&gt;&gt;</a>&nbsp;&nbsp;&nbsp;KEY_long_electric
</UL>

<P><STRONG><a name="[13d]"></a>HAL_GPIO_WritePin</STRONG> (Thumb, 10 bytes, Stack size 0 bytes, stm32f4xx_hal_gpio.o(i.HAL_GPIO_WritePin))
<BR><BR>[Called By]<UL><LI><a href="#[175]">&gt;&gt;</a>&nbsp;&nbsp;&nbsp;W25QXX_Erase_Sector
<LI><a href="#[139]">&gt;&gt;</a>&nbsp;&nbsp;&nbsp;LCD_WR_REG
<LI><a href="#[17f]">&gt;&gt;</a>&nbsp;&nbsp;&nbsp;W25QXX_Write_Page
<LI><a href="#[176]">&gt;&gt;</a>&nbsp;&nbsp;&nbsp;W25QXX_Write_Enable
<LI><a href="#[17c]">&gt;&gt;</a>&nbsp;&nbsp;&nbsp;W25QXX_ReadUniqueID
<LI><a href="#[17d]">&gt;&gt;</a>&nbsp;&nbsp;&nbsp;W25QXX_ReadSR
<LI><a href="#[17a]">&gt;&gt;</a>&nbsp;&nbsp;&nbsp;W25QXX_ReadID
<LI><a href="#[17b]">&gt;&gt;</a>&nbsp;&nbsp;&nbsp;W25QXX_ReadCapacity
<LI><a href="#[122]">&gt;&gt;</a>&nbsp;&nbsp;&nbsp;W25QXX_Read
<LI><a href="#[179]">&gt;&gt;</a>&nbsp;&nbsp;&nbsp;W25QXX_Init
<LI><a href="#[147]">&gt;&gt;</a>&nbsp;&nbsp;&nbsp;MX_GPIO_Init
<LI><a href="#[13c]">&gt;&gt;</a>&nbsp;&nbsp;&nbsp;LCD_Init
</UL>

<P><STRONG><a name="[d0]"></a>HAL_GetTick</STRONG> (Thumb, 6 bytes, Stack size 0 bytes, stm32f4xx_hal.o(i.HAL_GetTick))
<BR><BR>[Called By]<UL><LI><a href="#[11c]">&gt;&gt;</a>&nbsp;&nbsp;&nbsp;HAL_UART_Transmit
<LI><a href="#[e7]">&gt;&gt;</a>&nbsp;&nbsp;&nbsp;HAL_RCCEx_PeriphCLKConfig
<LI><a href="#[dc]">&gt;&gt;</a>&nbsp;&nbsp;&nbsp;I2C_WaitOnTXEFlagUntilTimeout
<LI><a href="#[d9]">&gt;&gt;</a>&nbsp;&nbsp;&nbsp;I2C_WaitOnRXNEFlagUntilTimeout
<LI><a href="#[11e]">&gt;&gt;</a>&nbsp;&nbsp;&nbsp;I2C_WaitOnMasterAddressFlagUntilTimeout
<LI><a href="#[d7]">&gt;&gt;</a>&nbsp;&nbsp;&nbsp;I2C_WaitOnFlagUntilTimeout
<LI><a href="#[dd]">&gt;&gt;</a>&nbsp;&nbsp;&nbsp;I2C_WaitOnBTFFlagUntilTimeout
<LI><a href="#[cf]">&gt;&gt;</a>&nbsp;&nbsp;&nbsp;HAL_Delay
<LI><a href="#[f8]">&gt;&gt;</a>&nbsp;&nbsp;&nbsp;HAL_SPI_TransmitReceive
<LI><a href="#[f6]">&gt;&gt;</a>&nbsp;&nbsp;&nbsp;HAL_SPI_Transmit
<LI><a href="#[15d]">&gt;&gt;</a>&nbsp;&nbsp;&nbsp;SPI_WaitFlagStateUntilTimeout
<LI><a href="#[ee]">&gt;&gt;</a>&nbsp;&nbsp;&nbsp;RTC_EnterInitMode
<LI><a href="#[ef]">&gt;&gt;</a>&nbsp;&nbsp;&nbsp;HAL_RTC_WaitForSynchro
<LI><a href="#[da]">&gt;&gt;</a>&nbsp;&nbsp;&nbsp;HAL_I2C_Master_Transmit
<LI><a href="#[d6]">&gt;&gt;</a>&nbsp;&nbsp;&nbsp;HAL_I2C_Master_Receive
<LI><a href="#[11d]">&gt;&gt;</a>&nbsp;&nbsp;&nbsp;UART_WaitOnFlagUntilTimeout
<LI><a href="#[ea]">&gt;&gt;</a>&nbsp;&nbsp;&nbsp;HAL_RCC_OscConfig
<LI><a href="#[e8]">&gt;&gt;</a>&nbsp;&nbsp;&nbsp;HAL_RCC_ClockConfig
</UL>

<P><STRONG><a name="[140]"></a>HAL_I2C_GetError</STRONG> (Thumb, 4 bytes, Stack size 0 bytes, stm32f4xx_hal_i2c.o(i.HAL_I2C_GetError))
<BR><BR>[Called By]<UL><LI><a href="#[13f]">&gt;&gt;</a>&nbsp;&nbsp;&nbsp;MCP4725_WriteData_Volatge
<LI><a href="#[18a]">&gt;&gt;</a>&nbsp;&nbsp;&nbsp;ads1115_read_data
<LI><a href="#[188]">&gt;&gt;</a>&nbsp;&nbsp;&nbsp;ads1115_config_register
</UL>

<P><STRONG><a name="[d3]"></a>HAL_I2C_Init</STRONG> (Thumb, 376 bytes, Stack size 16 bytes, stm32f4xx_hal_i2c.o(i.HAL_I2C_Init))
<BR><BR>[Stack]<UL><LI>Max Depth = 104<LI>Call Chain = HAL_I2C_Init &rArr; HAL_I2C_MspInit &rArr; HAL_GPIO_Init
</UL>
<BR>[Calls]<UL><LI><a href="#[d5]">&gt;&gt;</a>&nbsp;&nbsp;&nbsp;HAL_RCC_GetPCLK1Freq
<LI><a href="#[d4]">&gt;&gt;</a>&nbsp;&nbsp;&nbsp;HAL_I2C_MspInit
</UL>
<BR>[Called By]<UL><LI><a href="#[149]">&gt;&gt;</a>&nbsp;&nbsp;&nbsp;MX_I2C2_Init
<LI><a href="#[148]">&gt;&gt;</a>&nbsp;&nbsp;&nbsp;MX_I2C1_Init
</UL>

<P><STRONG><a name="[d6]"></a>HAL_I2C_Master_Receive</STRONG> (Thumb, 468 bytes, Stack size 40 bytes, stm32f4xx_hal_i2c.o(i.HAL_I2C_Master_Receive))
<BR><BR>[Stack]<UL><LI>Max Depth = 112<LI>Call Chain = HAL_I2C_Master_Receive &rArr; I2C_MasterRequestRead &rArr; I2C_WaitOnMasterAddressFlagUntilTimeout
</UL>
<BR>[Calls]<UL><LI><a href="#[d0]">&gt;&gt;</a>&nbsp;&nbsp;&nbsp;HAL_GetTick
<LI><a href="#[d9]">&gt;&gt;</a>&nbsp;&nbsp;&nbsp;I2C_WaitOnRXNEFlagUntilTimeout
<LI><a href="#[d7]">&gt;&gt;</a>&nbsp;&nbsp;&nbsp;I2C_WaitOnFlagUntilTimeout
<LI><a href="#[d8]">&gt;&gt;</a>&nbsp;&nbsp;&nbsp;I2C_MasterRequestRead
</UL>
<BR>[Called By]<UL><LI><a href="#[18a]">&gt;&gt;</a>&nbsp;&nbsp;&nbsp;ads1115_read_data
</UL>

<P><STRONG><a name="[da]"></a>HAL_I2C_Master_Transmit</STRONG> (Thumb, 290 bytes, Stack size 40 bytes, stm32f4xx_hal_i2c.o(i.HAL_I2C_Master_Transmit))
<BR><BR>[Stack]<UL><LI>Max Depth = 96<LI>Call Chain = HAL_I2C_Master_Transmit &rArr; I2C_MasterRequestWrite &rArr; I2C_WaitOnMasterAddressFlagUntilTimeout
</UL>
<BR>[Calls]<UL><LI><a href="#[d0]">&gt;&gt;</a>&nbsp;&nbsp;&nbsp;HAL_GetTick
<LI><a href="#[dc]">&gt;&gt;</a>&nbsp;&nbsp;&nbsp;I2C_WaitOnTXEFlagUntilTimeout
<LI><a href="#[d7]">&gt;&gt;</a>&nbsp;&nbsp;&nbsp;I2C_WaitOnFlagUntilTimeout
<LI><a href="#[dd]">&gt;&gt;</a>&nbsp;&nbsp;&nbsp;I2C_WaitOnBTFFlagUntilTimeout
<LI><a href="#[db]">&gt;&gt;</a>&nbsp;&nbsp;&nbsp;I2C_MasterRequestWrite
</UL>
<BR>[Called By]<UL><LI><a href="#[13f]">&gt;&gt;</a>&nbsp;&nbsp;&nbsp;MCP4725_WriteData_Volatge
<LI><a href="#[18a]">&gt;&gt;</a>&nbsp;&nbsp;&nbsp;ads1115_read_data
<LI><a href="#[188]">&gt;&gt;</a>&nbsp;&nbsp;&nbsp;ads1115_config_register
</UL>

<P><STRONG><a name="[d4]"></a>HAL_I2C_MspInit</STRONG> (Thumb, 154 bytes, Stack size 48 bytes, i2c.o(i.HAL_I2C_MspInit))
<BR><BR>[Stack]<UL><LI>Max Depth = 88<LI>Call Chain = HAL_I2C_MspInit &rArr; HAL_GPIO_Init
</UL>
<BR>[Calls]<UL><LI><a href="#[cc]">&gt;&gt;</a>&nbsp;&nbsp;&nbsp;HAL_GPIO_Init
<LI><a href="#[cb]">&gt;&gt;</a>&nbsp;&nbsp;&nbsp;__aeabi_memclr4
</UL>
<BR>[Called By]<UL><LI><a href="#[d3]">&gt;&gt;</a>&nbsp;&nbsp;&nbsp;HAL_I2C_Init
</UL>

<P><STRONG><a name="[118]"></a>HAL_IncTick</STRONG> (Thumb, 12 bytes, Stack size 0 bytes, stm32f4xx_hal.o(i.HAL_IncTick))
<BR><BR>[Called By]<UL><LI><a href="#[10c]">&gt;&gt;</a>&nbsp;&nbsp;&nbsp;HAL_TIM_PeriodElapsedCallback
</UL>

<P><STRONG><a name="[de]"></a>HAL_Init</STRONG> (Thumb, 48 bytes, Stack size 8 bytes, stm32f4xx_hal.o(i.HAL_Init))
<BR><BR>[Stack]<UL><LI>Max Depth = 128<LI>Call Chain = HAL_Init &rArr; HAL_InitTick &rArr; HAL_TIM_Base_Init &rArr; HAL_TIM_Base_MspInit &rArr; HAL_GPIO_Init
</UL>
<BR>[Calls]<UL><LI><a href="#[e0]">&gt;&gt;</a>&nbsp;&nbsp;&nbsp;HAL_InitTick
<LI><a href="#[e1]">&gt;&gt;</a>&nbsp;&nbsp;&nbsp;HAL_MspInit
<LI><a href="#[df]">&gt;&gt;</a>&nbsp;&nbsp;&nbsp;HAL_NVIC_SetPriorityGrouping
</UL>
<BR>[Called By]<UL><LI><a href="#[60]">&gt;&gt;</a>&nbsp;&nbsp;&nbsp;main
</UL>

<P><STRONG><a name="[e0]"></a>HAL_InitTick</STRONG> (Thumb, 100 bytes, Stack size 40 bytes, stm32f4xx_hal_timebase_tim.o(i.HAL_InitTick))
<BR><BR>[Stack]<UL><LI>Max Depth = 120<LI>Call Chain = HAL_InitTick &rArr; HAL_TIM_Base_Init &rArr; HAL_TIM_Base_MspInit &rArr; HAL_GPIO_Init
</UL>
<BR>[Calls]<UL><LI><a href="#[e3]">&gt;&gt;</a>&nbsp;&nbsp;&nbsp;HAL_RCC_GetPCLK2Freq
<LI><a href="#[e2]">&gt;&gt;</a>&nbsp;&nbsp;&nbsp;HAL_RCC_GetClockConfig
<LI><a href="#[e4]">&gt;&gt;</a>&nbsp;&nbsp;&nbsp;HAL_TIM_Base_Init
<LI><a href="#[cd]">&gt;&gt;</a>&nbsp;&nbsp;&nbsp;HAL_NVIC_SetPriority
<LI><a href="#[ce]">&gt;&gt;</a>&nbsp;&nbsp;&nbsp;HAL_NVIC_EnableIRQ
<LI><a href="#[e5]">&gt;&gt;</a>&nbsp;&nbsp;&nbsp;HAL_TIM_Base_Start_IT
</UL>
<BR>[Called By]<UL><LI><a href="#[e8]">&gt;&gt;</a>&nbsp;&nbsp;&nbsp;HAL_RCC_ClockConfig
<LI><a href="#[de]">&gt;&gt;</a>&nbsp;&nbsp;&nbsp;HAL_Init
</UL>

<P><STRONG><a name="[e1]"></a>HAL_MspInit</STRONG> (Thumb, 52 bytes, Stack size 8 bytes, stm32f4xx_hal_msp.o(i.HAL_MspInit))
<BR><BR>[Stack]<UL><LI>Max Depth = 24<LI>Call Chain = HAL_MspInit &rArr; HAL_NVIC_SetPriority
</UL>
<BR>[Calls]<UL><LI><a href="#[cd]">&gt;&gt;</a>&nbsp;&nbsp;&nbsp;HAL_NVIC_SetPriority
</UL>
<BR>[Called By]<UL><LI><a href="#[de]">&gt;&gt;</a>&nbsp;&nbsp;&nbsp;HAL_Init
</UL>

<P><STRONG><a name="[ce]"></a>HAL_NVIC_EnableIRQ</STRONG> (Thumb, 26 bytes, Stack size 0 bytes, stm32f4xx_hal_cortex.o(i.HAL_NVIC_EnableIRQ))
<BR><BR>[Called By]<UL><LI><a href="#[e0]">&gt;&gt;</a>&nbsp;&nbsp;&nbsp;HAL_InitTick
<LI><a href="#[f9]">&gt;&gt;</a>&nbsp;&nbsp;&nbsp;HAL_TIM_Base_MspInit
<LI><a href="#[c9]">&gt;&gt;</a>&nbsp;&nbsp;&nbsp;HAL_ADC_MspInit
<LI><a href="#[147]">&gt;&gt;</a>&nbsp;&nbsp;&nbsp;MX_GPIO_Init
</UL>

<P><STRONG><a name="[cd]"></a>HAL_NVIC_SetPriority</STRONG> (Thumb, 60 bytes, Stack size 16 bytes, stm32f4xx_hal_cortex.o(i.HAL_NVIC_SetPriority))
<BR><BR>[Stack]<UL><LI>Max Depth = 16<LI>Call Chain = HAL_NVIC_SetPriority
</UL>
<BR>[Calls]<UL><LI><a href="#[e6]">&gt;&gt;</a>&nbsp;&nbsp;&nbsp;__NVIC_SetPriority
</UL>
<BR>[Called By]<UL><LI><a href="#[e0]">&gt;&gt;</a>&nbsp;&nbsp;&nbsp;HAL_InitTick
<LI><a href="#[e1]">&gt;&gt;</a>&nbsp;&nbsp;&nbsp;HAL_MspInit
<LI><a href="#[f9]">&gt;&gt;</a>&nbsp;&nbsp;&nbsp;HAL_TIM_Base_MspInit
[...]
</UL>
<P><STRONG><a name="[3]"></a>lv_txt_utf8_next</STRONG> (Thumb, 138 bytes, Stack size 20 bytes, lv_txt.o(i.lv_txt_utf8_next))
<BR><BR>[Stack]<UL><LI>Max Depth = 20<LI>Call Chain = lv_txt_utf8_next
</UL>
<BR>[Address Reference Count : 1]<UL><LI> lv_txt.o(.data)
</UL>
<P><STRONG><a name="[4]"></a>lv_txt_utf8_prev</STRONG> (Thumb, 66 bytes, Stack size 24 bytes, lv_txt.o(i.lv_txt_utf8_prev))
<BR><BR>[Stack]<UL><LI>Max Depth = 24<LI>Call Chain = lv_txt_utf8_prev
</UL>
<BR>[Address Reference Count : 1]<UL><LI> lv_txt.o(.data)
</UL>
<P><STRONG><a name="[2]"></a>lv_txt_utf8_size</STRONG> (Thumb, 46 bytes, Stack size 0 bytes, lv_txt.o(i.lv_txt_utf8_size))
<BR>[Address Reference Count : 1]<UL><LI> lv_txt.o(.data)
</UL>
<P><STRONG><a name="[6f]"></a>lv_img_design</STRONG> (Thumb, 342 bytes, Stack size 120 bytes, lv_img.o(i.lv_img_design))
<BR><BR>[Stack]<UL><LI>Max Depth = 940<LI>Call Chain = lv_img_design &rArr; lv_draw_img &rArr; lv_img_draw_core &rArr; lv_draw_label &rArr; lv_draw_rect &rArr; lv_draw_shadow &rArr; lv_draw_shadow_full &rArr; lv_draw_shadow_full_straight &rArr; lv_draw_fill &rArr; sw_color_fill &rArr; lv_color_mix
</UL>
<BR>[Calls]<UL><LI><a href="#[1d1]">&gt;&gt;</a>&nbsp;&nbsp;&nbsp;lv_draw_label
<LI><a href="#[1ce]">&gt;&gt;</a>&nbsp;&nbsp;&nbsp;lv_draw_img
<LI><a href="#[1ea]">&gt;&gt;</a>&nbsp;&nbsp;&nbsp;lv_area_is_in
<LI><a href="#[20c]">&gt;&gt;</a>&nbsp;&nbsp;&nbsp;lv_obj_get_style
<LI><a href="#[20d]">&gt;&gt;</a>&nbsp;&nbsp;&nbsp;lv_obj_get_opa_scale
<LI><a href="#[203]">&gt;&gt;</a>&nbsp;&nbsp;&nbsp;lv_obj_get_ext_attr
<LI><a href="#[20e]">&gt;&gt;</a>&nbsp;&nbsp;&nbsp;lv_obj_get_coords
<LI><a href="#[ab]">&gt;&gt;</a>&nbsp;&nbsp;&nbsp;lv_style_copy
</UL>
<BR>[Address Reference Count : 1]<UL><LI> lv_img.o(i.lv_img_create)
</UL>
<P><STRONG><a name="[6e]"></a>lv_img_signal</STRONG> (Thumb, 126 bytes, Stack size 24 bytes, lv_img.o(i.lv_img_signal))
<BR><BR>[Stack]<UL><LI>Max Depth = 240<LI>Call Chain = lv_img_signal &rArr; lv_img_set_src &rArr; lv_obj_set_size &rArr; lv_obj_realign &rArr; lv_obj_align_origo &rArr; lv_obj_set_pos &rArr; lv_obj_invalidate &rArr; lv_inv_area &rArr; lv_area_intersect
</UL>
<BR>[Calls]<UL><LI><a href="#[203]">&gt;&gt;</a>&nbsp;&nbsp;&nbsp;lv_obj_get_ext_attr
<LI><a href="#[18e]">&gt;&gt;</a>&nbsp;&nbsp;&nbsp;lv_mem_free
<LI><a href="#[a5]">&gt;&gt;</a>&nbsp;&nbsp;&nbsp;lv_img_set_src
</UL>
<BR>[Address Reference Count : 1]<UL><LI> lv_img.o(i.lv_img_create)
</UL>
<P><STRONG><a name="[74]"></a>lv_label_design</STRONG> (Thumb, 482 bytes, Stack size 96 bytes, lv_label.o(i.lv_label_design))
<BR><BR>[Stack]<UL><LI>Max Depth = 740<LI>Call Chain = lv_label_design &rArr; lv_draw_label &rArr; lv_draw_rect &rArr; lv_draw_shadow &rArr; lv_draw_shadow_full &rArr; lv_draw_shadow_full_straight &rArr; lv_draw_fill &rArr; sw_color_fill &rArr; lv_color_mix
</UL>
<BR>[Calls]<UL><LI><a href="#[1d2]">&gt;&gt;</a>&nbsp;&nbsp;&nbsp;lv_txt_get_size
<LI><a href="#[1d7]">&gt;&gt;</a>&nbsp;&nbsp;&nbsp;lv_font_get_glyph_width
<LI><a href="#[1d1]">&gt;&gt;</a>&nbsp;&nbsp;&nbsp;lv_draw_label
<LI><a href="#[1d0]">&gt;&gt;</a>&nbsp;&nbsp;&nbsp;lv_draw_rect
<LI><a href="#[20c]">&gt;&gt;</a>&nbsp;&nbsp;&nbsp;lv_obj_get_style
<LI><a href="#[20d]">&gt;&gt;</a>&nbsp;&nbsp;&nbsp;lv_obj_get_opa_scale
<LI><a href="#[203]">&gt;&gt;</a>&nbsp;&nbsp;&nbsp;lv_obj_get_ext_attr
<LI><a href="#[1ff]">&gt;&gt;</a>&nbsp;&nbsp;&nbsp;lv_obj_get_width
<LI><a href="#[200]">&gt;&gt;</a>&nbsp;&nbsp;&nbsp;lv_obj_get_height
<LI><a href="#[22a]">&gt;&gt;</a>&nbsp;&nbsp;&nbsp;lv_obj_get_group
<LI><a href="#[20e]">&gt;&gt;</a>&nbsp;&nbsp;&nbsp;lv_obj_get_coords
<LI><a href="#[22b]">&gt;&gt;</a>&nbsp;&nbsp;&nbsp;lv_group_get_focused
</UL>
<BR>[Address Reference Count : 1]<UL><LI> lv_label.o(i.lv_label_create)
</UL>
<P><STRONG><a name="[22c]"></a>lv_label_dot_tmp_free</STRONG> (Thumb, 36 bytes, Stack size 8 bytes, lv_label.o(i.lv_label_dot_tmp_free))
<BR><BR>[Stack]<UL><LI>Max Depth = 16<LI>Call Chain = lv_label_dot_tmp_free &rArr; lv_mem_free
</UL>
<BR>[Calls]<UL><LI><a href="#[203]">&gt;&gt;</a>&nbsp;&nbsp;&nbsp;lv_obj_get_ext_attr
<LI><a href="#[18e]">&gt;&gt;</a>&nbsp;&nbsp;&nbsp;lv_mem_free
</UL>
<BR>[Called By]<UL><LI><a href="#[75]">&gt;&gt;</a>&nbsp;&nbsp;&nbsp;lv_label_signal
<LI><a href="#[229]">&gt;&gt;</a>&nbsp;&nbsp;&nbsp;lv_label_set_dot_tmp
<LI><a href="#[232]">&gt;&gt;</a>&nbsp;&nbsp;&nbsp;lv_label_revert_dots
</UL>

<P><STRONG><a name="[22f]"></a>lv_label_refr_text</STRONG> (Thumb, 804 bytes, Stack size 88 bytes, lv_label.o(i.lv_label_refr_text))
<BR><BR>[Stack]<UL><LI>Max Depth = 264<LI>Call Chain = lv_label_refr_text &rArr; lv_obj_set_height &rArr; lv_obj_set_size &rArr; lv_obj_realign &rArr; lv_obj_align_origo &rArr; lv_obj_set_pos &rArr; lv_obj_invalidate &rArr; lv_inv_area &rArr; lv_area_intersect
</UL>
<BR>[Calls]<UL><LI><a href="#[1d2]">&gt;&gt;</a>&nbsp;&nbsp;&nbsp;lv_txt_get_size
<LI><a href="#[1d7]">&gt;&gt;</a>&nbsp;&nbsp;&nbsp;lv_font_get_glyph_width
<LI><a href="#[196]">&gt;&gt;</a>&nbsp;&nbsp;&nbsp;lv_anim_del
<LI><a href="#[155]">&gt;&gt;</a>&nbsp;&nbsp;&nbsp;lv_obj_set_size
<LI><a href="#[231]">&gt;&gt;</a>&nbsp;&nbsp;&nbsp;lv_obj_set_height
<LI><a href="#[20c]">&gt;&gt;</a>&nbsp;&nbsp;&nbsp;lv_obj_get_style
<LI><a href="#[1a1]">&gt;&gt;</a>&nbsp;&nbsp;&nbsp;lv_obj_invalidate
<LI><a href="#[203]">&gt;&gt;</a>&nbsp;&nbsp;&nbsp;lv_obj_get_ext_attr
<LI><a href="#[1ff]">&gt;&gt;</a>&nbsp;&nbsp;&nbsp;lv_obj_get_width
<LI><a href="#[200]">&gt;&gt;</a>&nbsp;&nbsp;&nbsp;lv_obj_get_height
<LI><a href="#[230]">&gt;&gt;</a>&nbsp;&nbsp;&nbsp;lv_anim_speed_to_time
<LI><a href="#[1b5]">&gt;&gt;</a>&nbsp;&nbsp;&nbsp;lv_anim_create
<LI><a href="#[22d]">&gt;&gt;</a>&nbsp;&nbsp;&nbsp;lv_label_get_letter_on
<LI><a href="#[229]">&gt;&gt;</a>&nbsp;&nbsp;&nbsp;lv_label_set_dot_tmp
</UL>
<BR>[Called By]<UL><LI><a href="#[a8]">&gt;&gt;</a>&nbsp;&nbsp;&nbsp;lv_label_set_text
<LI><a href="#[227]">&gt;&gt;</a>&nbsp;&nbsp;&nbsp;lv_label_set_static_text
<LI><a href="#[221]">&gt;&gt;</a>&nbsp;&nbsp;&nbsp;lv_label_set_recolor
<LI><a href="#[21f]">&gt;&gt;</a>&nbsp;&nbsp;&nbsp;lv_label_set_long_mode
<LI><a href="#[75]">&gt;&gt;</a>&nbsp;&nbsp;&nbsp;lv_label_signal
</UL>

<P><STRONG><a name="[232]"></a>lv_label_revert_dots</STRONG> (Thumb, 102 bytes, Stack size 24 bytes, lv_label.o(i.lv_label_revert_dots))
<BR><BR>[Stack]<UL><LI>Max Depth = 40<LI>Call Chain = lv_label_revert_dots &rArr; lv_label_dot_tmp_free &rArr; lv_mem_free
</UL>
<BR>[Calls]<UL><LI><a href="#[203]">&gt;&gt;</a>&nbsp;&nbsp;&nbsp;lv_obj_get_ext_attr
<LI><a href="#[22c]">&gt;&gt;</a>&nbsp;&nbsp;&nbsp;lv_label_dot_tmp_free
</UL>
<BR>[Called By]<UL><LI><a href="#[21f]">&gt;&gt;</a>&nbsp;&nbsp;&nbsp;lv_label_set_long_mode
<LI><a href="#[75]">&gt;&gt;</a>&nbsp;&nbsp;&nbsp;lv_label_signal
</UL>

<P><STRONG><a name="[229]"></a>lv_label_set_dot_tmp</STRONG> (Thumb, 86 bytes, Stack size 24 bytes, lv_label.o(i.lv_label_set_dot_tmp))
<BR><BR>[Stack]<UL><LI>Max Depth = 48<LI>Call Chain = lv_label_set_dot_tmp &rArr; lv_mem_alloc &rArr; ent_trunc
</UL>
<BR>[Calls]<UL><LI><a href="#[1cd]">&gt;&gt;</a>&nbsp;&nbsp;&nbsp;lv_mem_alloc
<LI><a href="#[203]">&gt;&gt;</a>&nbsp;&nbsp;&nbsp;lv_obj_get_ext_attr
<LI><a href="#[22c]">&gt;&gt;</a>&nbsp;&nbsp;&nbsp;lv_label_dot_tmp_free
<LI><a href="#[1c6]">&gt;&gt;</a>&nbsp;&nbsp;&nbsp;__aeabi_memcpy
</UL>
<BR>[Called By]<UL><LI><a href="#[aa]">&gt;&gt;</a>&nbsp;&nbsp;&nbsp;lv_label_create
<LI><a href="#[22f]">&gt;&gt;</a>&nbsp;&nbsp;&nbsp;lv_label_refr_text
</UL>

<P><STRONG><a name="[77]"></a>lv_label_set_offset_x</STRONG> (Thumb, 22 bytes, Stack size 16 bytes, lv_label.o(i.lv_label_set_offset_x))
<BR><BR>[Stack]<UL><LI>Max Depth = 88<LI>Call Chain = lv_label_set_offset_x &rArr; lv_obj_invalidate &rArr; lv_inv_area &rArr; lv_area_intersect
</UL>
<BR>[Calls]<UL><LI><a href="#[1a1]">&gt;&gt;</a>&nbsp;&nbsp;&nbsp;lv_obj_invalidate
<LI><a href="#[203]">&gt;&gt;</a>&nbsp;&nbsp;&nbsp;lv_obj_get_ext_attr
</UL>
<BR>[Address Reference Count : 2]<UL><LI> lv_label.o(i.lv_label_refr_text)
<LI> lv_label.o(i.lv_label_set_long_mode)
</UL>
<P><STRONG><a name="[78]"></a>lv_label_set_offset_y</STRONG> (Thumb, 22 bytes, Stack size 16 bytes, lv_label.o(i.lv_label_set_offset_y))
<BR><BR>[Stack]<UL><LI>Max Depth = 88<LI>Call Chain = lv_label_set_offset_y &rArr; lv_obj_invalidate &rArr; lv_inv_area &rArr; lv_area_intersect
</UL>
<BR>[Calls]<UL><LI><a href="#[1a1]">&gt;&gt;</a>&nbsp;&nbsp;&nbsp;lv_obj_invalidate
<LI><a href="#[203]">&gt;&gt;</a>&nbsp;&nbsp;&nbsp;lv_obj_get_ext_attr
</UL>
<BR>[Address Reference Count : 2]<UL><LI> lv_label.o(i.lv_label_refr_text)
<LI> lv_label.o(i.lv_label_set_long_mode)
</UL>
<P><STRONG><a name="[75]"></a>lv_label_signal</STRONG> (Thumb, 230 bytes, Stack size 24 bytes, lv_label.o(i.lv_label_signal))
<BR><BR>[Stack]<UL><LI>Max Depth = 288<LI>Call Chain = lv_label_signal &rArr; lv_label_refr_text &rArr; lv_obj_set_height &rArr; lv_obj_set_size &rArr; lv_obj_realign &rArr; lv_obj_align_origo &rArr; lv_obj_set_pos &rArr; lv_obj_invalidate &rArr; lv_inv_area &rArr; lv_area_intersect
</UL>
<BR>[Calls]<UL><LI><a href="#[20c]">&gt;&gt;</a>&nbsp;&nbsp;&nbsp;lv_obj_get_style
<LI><a href="#[203]">&gt;&gt;</a>&nbsp;&nbsp;&nbsp;lv_obj_get_ext_attr
<LI><a href="#[18e]">&gt;&gt;</a>&nbsp;&nbsp;&nbsp;lv_mem_free
<LI><a href="#[232]">&gt;&gt;</a>&nbsp;&nbsp;&nbsp;lv_label_revert_dots
<LI><a href="#[22f]">&gt;&gt;</a>&nbsp;&nbsp;&nbsp;lv_label_refr_text
<LI><a href="#[22c]">&gt;&gt;</a>&nbsp;&nbsp;&nbsp;lv_label_dot_tmp_free
</UL>
<BR>[Address Reference Count : 1]<UL><LI> lv_label.o(i.lv_label_create)
</UL>
<P><STRONG><a name="[7b]"></a>lv_line_design</STRONG> (Thumb, 434 bytes, Stack size 176 bytes, lv_line.o(i.lv_line_design))
<BR><BR>[Stack]<UL><LI>Max Depth = 636<LI>Call Chain = lv_line_design &rArr; lv_draw_rect &rArr; lv_draw_shadow &rArr; lv_draw_shadow_full &rArr; lv_draw_shadow_full_straight &rArr; lv_draw_fill &rArr; sw_color_fill &rArr; lv_color_mix
</UL>
<BR>[Calls]<UL><LI><a href="#[1dc]">&gt;&gt;</a>&nbsp;&nbsp;&nbsp;lv_draw_line
<LI><a href="#[1d0]">&gt;&gt;</a>&nbsp;&nbsp;&nbsp;lv_draw_rect
<LI><a href="#[20c]">&gt;&gt;</a>&nbsp;&nbsp;&nbsp;lv_obj_get_style
<LI><a href="#[20d]">&gt;&gt;</a>&nbsp;&nbsp;&nbsp;lv_obj_get_opa_scale
<LI><a href="#[203]">&gt;&gt;</a>&nbsp;&nbsp;&nbsp;lv_obj_get_ext_attr
<LI><a href="#[200]">&gt;&gt;</a>&nbsp;&nbsp;&nbsp;lv_obj_get_height
<LI><a href="#[20e]">&gt;&gt;</a>&nbsp;&nbsp;&nbsp;lv_obj_get_coords
<LI><a href="#[ab]">&gt;&gt;</a>&nbsp;&nbsp;&nbsp;lv_style_copy
</UL>
<BR>[Address Reference Count : 1]<UL><LI> lv_line.o(i.lv_line_create)
</UL>
<P><STRONG><a name="[7c]"></a>lv_line_signal</STRONG> (Thumb, 84 bytes, Stack size 24 bytes, lv_line.o(i.lv_line_signal))
<BR><BR>[Stack]<UL><LI>Max Depth = 56<LI>Call Chain = lv_line_signal &rArr; lv_obj_get_style &rArr; lv_group_mod_style
</UL>
<BR>[Calls]<UL><LI><a href="#[20c]">&gt;&gt;</a>&nbsp;&nbsp;&nbsp;lv_obj_get_style
</UL>
<BR>[Address Reference Count : 1]<UL><LI> lv_line.o(i.lv_line_create)
</UL>
<P><STRONG><a name="[7f]"></a>disp_flush</STRONG> (Thumb, 30 bytes, Stack size 16 bytes, lv_port_disp.o(i.disp_flush))
<BR><BR>[Stack]<UL><LI>Max Depth = 168<LI>Call Chain = disp_flush &rArr; LCD_Color_Fill &rArr; LCD_Address_Set &rArr; LCD_WR_REG &rArr; HAL_SPI_Transmit &rArr; SPI_EndRxTxTransaction &rArr; SPI_WaitFlagStateUntilTimeout
</UL>
<BR>[Calls]<UL><LI><a href="#[13b]">&gt;&gt;</a>&nbsp;&nbsp;&nbsp;LCD_Color_Fill
<LI><a href="#[19a]">&gt;&gt;</a>&nbsp;&nbsp;&nbsp;lv_disp_flush_ready
</UL>
<BR>[Address Reference Count : 1]<UL><LI> lv_port_disp.o(i.lv_port_disp_init)
</UL>
<P><STRONG><a name="[a3]"></a>lv_scr_act</STRONG> (Thumb, 14 bytes, Stack size 8 bytes, lv_obj_my.o(i.lv_scr_act))
<BR><BR>[Stack]<UL><LI>Max Depth = 16<LI>Call Chain = lv_scr_act &rArr; lv_disp_get_scr_act
</UL>
<BR>[Calls]<UL><LI><a href="#[1bc]">&gt;&gt;</a>&nbsp;&nbsp;&nbsp;lv_disp_get_default
<LI><a href="#[1be]">&gt;&gt;</a>&nbsp;&nbsp;&nbsp;lv_disp_get_scr_act
</UL>
<BR>[Called By]<UL><LI><a href="#[132]">&gt;&gt;</a>&nbsp;&nbsp;&nbsp;select_setup_init
<LI><a href="#[131]">&gt;&gt;</a>&nbsp;&nbsp;&nbsp;Set_menu_init
<LI><a href="#[133]">&gt;&gt;</a>&nbsp;&nbsp;&nbsp;Set_menu_Text_init
<LI><a href="#[134]">&gt;&gt;</a>&nbsp;&nbsp;&nbsp;Set_menu_Line_init
<LI><a href="#[25a]">&gt;&gt;</a>&nbsp;&nbsp;&nbsp;voltage_display_init
<LI><a href="#[25b]">&gt;&gt;</a>&nbsp;&nbsp;&nbsp;power_display_init
<LI><a href="#[172]">&gt;&gt;</a>&nbsp;&nbsp;&nbsp;Unit_switching_init
<LI><a href="#[171]">&gt;&gt;</a>&nbsp;&nbsp;&nbsp;Temp_display_init
<LI><a href="#[16c]">&gt;&gt;</a>&nbsp;&nbsp;&nbsp;TEXT_display
<LI><a href="#[160]">&gt;&gt;</a>&nbsp;&nbsp;&nbsp;Set_display_init
<LI><a href="#[15e]">&gt;&gt;</a>&nbsp;&nbsp;&nbsp;Select_area_flashing_init
<LI><a href="#[15c]">&gt;&gt;</a>&nbsp;&nbsp;&nbsp;Run_Time_Init
<LI><a href="#[15b]">&gt;&gt;</a>&nbsp;&nbsp;&nbsp;Power_or_Bat_display_init
<LI><a href="#[15a]">&gt;&gt;</a>&nbsp;&nbsp;&nbsp;ON_OR_OFF_Display_Init
<LI><a href="#[158]">&gt;&gt;</a>&nbsp;&nbsp;&nbsp;Mode_obj_display_init
<LI><a href="#[156]">&gt;&gt;</a>&nbsp;&nbsp;&nbsp;Mode_display_init
<LI><a href="#[153]">&gt;&gt;</a>&nbsp;&nbsp;&nbsp;Mode_Obj_set
<LI><a href="#[120]">&gt;&gt;</a>&nbsp;&nbsp;&nbsp;Icon_display
<LI><a href="#[b5]">&gt;&gt;</a>&nbsp;&nbsp;&nbsp;FAN_speed_display_init
<LI><a href="#[ae]">&gt;&gt;</a>&nbsp;&nbsp;&nbsp;Current_setting_display_init
<LI><a href="#[a9]">&gt;&gt;</a>&nbsp;&nbsp;&nbsp;Current_display_init
<LI><a href="#[a2]">&gt;&gt;</a>&nbsp;&nbsp;&nbsp;Background_display
</UL>

<P><STRONG><a name="[262]"></a>prvAddCurrentTaskToDelayedList</STRONG> (Thumb, 102 bytes, Stack size 24 bytes, tasks.o(i.prvAddCurrentTaskToDelayedList))
<BR><BR>[Stack]<UL><LI>Max Depth = 36<LI>Call Chain = prvAddCurrentTaskToDelayedList &rArr; vListInsert
</UL>
<BR>[Calls]<UL><LI><a href="#[264]">&gt;&gt;</a>&nbsp;&nbsp;&nbsp;vListInsertEnd
<LI><a href="#[265]">&gt;&gt;</a>&nbsp;&nbsp;&nbsp;vListInsert
<LI><a href="#[263]">&gt;&gt;</a>&nbsp;&nbsp;&nbsp;uxListRemove
</UL>
<BR>[Called By]<UL><LI><a href="#[25d]">&gt;&gt;</a>&nbsp;&nbsp;&nbsp;vTaskDelay
</UL>

<P><STRONG><a name="[266]"></a>prvAddNewTaskToReadyList</STRONG> (Thumb, 194 bytes, Stack size 24 bytes, tasks.o(i.prvAddNewTaskToReadyList))
<BR><BR>[Stack]<UL><LI>Max Depth = 24<LI>Call Chain = prvAddNewTaskToReadyList
</UL>
<BR>[Calls]<UL><LI><a href="#[264]">&gt;&gt;</a>&nbsp;&nbsp;&nbsp;vListInsertEnd
<LI><a href="#[269]">&gt;&gt;</a>&nbsp;&nbsp;&nbsp;vPortExitCritical
<LI><a href="#[267]">&gt;&gt;</a>&nbsp;&nbsp;&nbsp;vPortEnterCritical
<LI><a href="#[268]">&gt;&gt;</a>&nbsp;&nbsp;&nbsp;vListInitialise
</UL>
<BR>[Called By]<UL><LI><a href="#[260]">&gt;&gt;</a>&nbsp;&nbsp;&nbsp;xTaskCreateStatic
<LI><a href="#[261]">&gt;&gt;</a>&nbsp;&nbsp;&nbsp;xTaskCreate
</UL>

<P><STRONG><a name="[26a]"></a>prvDeleteTCB</STRONG> (Thumb, 52 bytes, Stack size 8 bytes, tasks.o(i.prvDeleteTCB))
<BR><BR>[Stack]<UL><LI>Max Depth = 80<LI>Call Chain = prvDeleteTCB &rArr; vPortFree &rArr; xTaskResumeAll &rArr; xTaskIncrementTick
</UL>
<BR>[Calls]<UL><LI><a href="#[26b]">&gt;&gt;</a>&nbsp;&nbsp;&nbsp;vPortFree
</UL>
<BR>[Called By]<UL><LI><a href="#[81]">&gt;&gt;</a>&nbsp;&nbsp;&nbsp;prvIdleTask
</UL>

<P><STRONG><a name="[81]"></a>prvIdleTask</STRONG> (Thumb, 82 bytes, Stack size 0 bytes, tasks.o(i.prvIdleTask))
<BR><BR>[Stack]<UL><LI>Max Depth = 80<LI>Call Chain = prvIdleTask &rArr; prvDeleteTCB &rArr; vPortFree &rArr; xTaskResumeAll &rArr; xTaskIncrementTick
</UL>
<BR>[Calls]<UL><LI><a href="#[263]">&gt;&gt;</a>&nbsp;&nbsp;&nbsp;uxListRemove
<LI><a href="#[269]">&gt;&gt;</a>&nbsp;&nbsp;&nbsp;vPortExitCritical
<LI><a href="#[267]">&gt;&gt;</a>&nbsp;&nbsp;&nbsp;vPortEnterCritical
<LI><a href="#[26a]">&gt;&gt;</a>&nbsp;&nbsp;&nbsp;prvDeleteTCB
</UL>
<BR>[Address Reference Count : 1]<UL><LI> tasks.o(i.vTaskStartScheduler)
</UL>
<P><STRONG><a name="[26c]"></a>prvInitialiseNewTask</STRONG> (Thumb, 152 bytes, Stack size 32 bytes, tasks.o(i.prvInitialiseNewTask))
<BR><BR>[Stack]<UL><LI>Max Depth = 40<LI>Call Chain = prvInitialiseNewTask &rArr; pxPortInitialiseStack
</UL>
<BR>[Calls]<UL><LI><a href="#[26d]">&gt;&gt;</a>&nbsp;&nbsp;&nbsp;vListInitialiseItem
<LI><a href="#[26e]">&gt;&gt;</a>&nbsp;&nbsp;&nbsp;pxPortInitialiseStack
</UL>
<BR>[Called By]<UL><LI><a href="#[260]">&gt;&gt;</a>&nbsp;&nbsp;&nbsp;xTaskCreateStatic
<LI><a href="#[261]">&gt;&gt;</a>&nbsp;&nbsp;&nbsp;xTaskCreate
</UL>

<P><STRONG><a name="[279]"></a>prvResetNextTaskUnblockTime</STRONG> (Thumb, 26 bytes, Stack size 0 bytes, tasks.o(i.prvResetNextTaskUnblockTime))
<BR><BR>[Called By]<UL><LI><a href="#[273]">&gt;&gt;</a>&nbsp;&nbsp;&nbsp;xTaskResumeAll
<LI><a href="#[16a]">&gt;&gt;</a>&nbsp;&nbsp;&nbsp;xTaskIncrementTick
</UL>

<P><STRONG><a name="[25f]"></a>makeFreeRtosPriority</STRONG> (Thumb, 12 bytes, Stack size 0 bytes, cmsis_os.o(i.makeFreeRtosPriority))
<BR><BR>[Called By]<UL><LI><a href="#[146]">&gt;&gt;</a>&nbsp;&nbsp;&nbsp;osThreadCreate
</UL>

<P><STRONG><a name="[271]"></a>prvHeapInit</STRONG> (Thumb, 66 bytes, Stack size 0 bytes, heap_4.o(i.prvHeapInit))
<BR><BR>[Called By]<UL><LI><a href="#[26f]">&gt;&gt;</a>&nbsp;&nbsp;&nbsp;pvPortMalloc
</UL>

<P><STRONG><a name="[272]"></a>prvInsertBlockIntoFreeList</STRONG> (Thumb, 72 bytes, Stack size 12 bytes, heap_4.o(i.prvInsertBlockIntoFreeList))
<BR><BR>[Stack]<UL><LI>Max Depth = 12<LI>Call Chain = prvInsertBlockIntoFreeList
</UL>
<BR>[Called By]<UL><LI><a href="#[26b]">&gt;&gt;</a>&nbsp;&nbsp;&nbsp;vPortFree
<LI><a href="#[26f]">&gt;&gt;</a>&nbsp;&nbsp;&nbsp;pvPortMalloc
</UL>

<P><STRONG><a name="[80]"></a>prvTaskExitError</STRONG> (Thumb, 36 bytes, Stack size 0 bytes, port.o(i.prvTaskExitError))
<BR>[Address Reference Count : 1]<UL><LI> port.o(i.pxPortInitialiseStack)
</UL>
<P><STRONG><a name="[183]"></a>_fp_digits</STRONG> (Thumb, 366 bytes, Stack size 64 bytes, printfa.o(i._fp_digits), UNUSED)
<BR><BR>[Calls]<UL><LI><a href="#[9a]">&gt;&gt;</a>&nbsp;&nbsp;&nbsp;__aeabi_dmul
<LI><a href="#[9b]">&gt;&gt;</a>&nbsp;&nbsp;&nbsp;__aeabi_ddiv
<LI><a href="#[94]">&gt;&gt;</a>&nbsp;&nbsp;&nbsp;__aeabi_dadd
<LI><a href="#[9f]">&gt;&gt;</a>&nbsp;&nbsp;&nbsp;__aeabi_d2ulz
<LI><a href="#[184]">&gt;&gt;</a>&nbsp;&nbsp;&nbsp;__aeabi_cdrcmple
<LI><a href="#[8e]">&gt;&gt;</a>&nbsp;&nbsp;&nbsp;__aeabi_uldivmod
</UL>
<BR>[Called By]<UL><LI><a href="#[181]">&gt;&gt;</a>&nbsp;&nbsp;&nbsp;_printf_core
</UL>

<P><STRONG><a name="[181]"></a>_printf_core</STRONG> (Thumb, 1704 bytes, Stack size 136 bytes, printfa.o(i._printf_core), UNUSED)
<BR><BR>[Calls]<UL><LI><a href="#[187]">&gt;&gt;</a>&nbsp;&nbsp;&nbsp;__aeabi_uidivmod
<LI><a href="#[185]">&gt;&gt;</a>&nbsp;&nbsp;&nbsp;_printf_pre_padding
<LI><a href="#[186]">&gt;&gt;</a>&nbsp;&nbsp;&nbsp;_printf_post_padding
<LI><a href="#[183]">&gt;&gt;</a>&nbsp;&nbsp;&nbsp;_fp_digits
<LI><a href="#[8e]">&gt;&gt;</a>&nbsp;&nbsp;&nbsp;__aeabi_uldivmod
</UL>
<BR>[Called By]<UL><LI><a href="#[182]">&gt;&gt;</a>&nbsp;&nbsp;&nbsp;__0vsnprintf
<LI><a href="#[180]">&gt;&gt;</a>&nbsp;&nbsp;&nbsp;__0sprintf
</UL>

<P><STRONG><a name="[186]"></a>_printf_post_padding</STRONG> (Thumb, 36 bytes, Stack size 24 bytes, printfa.o(i._printf_post_padding), UNUSED)
<BR><BR>[Called By]<UL><LI><a href="#[181]">&gt;&gt;</a>&nbsp;&nbsp;&nbsp;_printf_core
</UL>

<P><STRONG><a name="[185]"></a>_printf_pre_padding</STRONG> (Thumb, 46 bytes, Stack size 24 bytes, printfa.o(i._printf_pre_padding), UNUSED)
<BR><BR>[Called By]<UL><LI><a href="#[181]">&gt;&gt;</a>&nbsp;&nbsp;&nbsp;_printf_core
</UL>

<P><STRONG><a name="[64]"></a>_snputc</STRONG> (Thumb, 22 bytes, Stack size 0 bytes, printfa.o(i._snputc))
<BR>[Address Reference Count : 1]<UL><LI> printfa.o(i.__0vsnprintf)
</UL>
<P><STRONG><a name="[63]"></a>_sputc</STRONG> (Thumb, 10 bytes, Stack size 0 bytes, printfa.o(i._sputc))
<BR><BR>[Called By]<UL><LI><a href="#[180]">&gt;&gt;</a>&nbsp;&nbsp;&nbsp;__0sprintf
</UL>
<BR>[Address Reference Count : 1]<UL><LI> printfa.o(i.__0sprintf)
</UL><P>
<H3>
Undefined Global Symbols
</H3><HR></body></html>
