<html>
<body>
<pre>
<h1>µVision Build Log</h1>
<h2>Tool Versions:</h2>
IDE-Version: ¦ÌVision V5.35.0.0
Copyright (C) 2021 ARM Ltd and ARM Germany GmbH. All rights reserved.
License Information: 1 1, 1, LIC=EXJT4-F1VL8-FWP2N-Y9H9Q-6ZJPI-ECW5M
 
Tool Versions:
Toolchain:       MDK-ARM Plus  Version: 5.35.0.2
Toolchain Path:  C:\Keil_v5\ARM\ARMCC\Bin
C Compiler:      Armcc.exe V5.06 update 7 (build 960)
Assembler:       Armasm.exe V5.06 update 7 (build 960)
Linker/Locator:  ArmLink.exe V5.06 update 7 (build 960)
Library Manager: ArmAr.exe V5.06 update 7 (build 960)
Hex Converter:   FromElf.exe V5.06 update 7 (build 960)
CPU DLL:         SARMCM3.DLL V5.35.0.2
Dialog DLL:      DCM.DLL V1.17.3.0
Target DLL:      STLink\ST-LINKIII-KEIL_SWO.dll V3.0.9.0
Dialog DLL:      TCM.DLL V1.53.0.0
 
<h2>Project:</h2>
F:\SJC\STM32\DIANZIFUZAI - FreeRTOS\MDK-ARM\Desktop.uvprojx
Project File Date:  11/17/2022

<h2>Output:</h2>
*** Using Compiler 'V5.06 update 7 (build 960)', folder: 'C:\Keil_v5\ARM\ARMCC\Bin'
Rebuild target 'Desktop'
assembling startup_stm32f405xx.s...
compiling usart.c...
compiling rtc.c...
compiling tim.c...
compiling gpio.c...
compiling stm32f4xx_hal_msp.c...
compiling stm32f4xx_ll_adc.c...
compiling adc.c...
compiling spi.c...
compiling stm32f4xx_it.c...
compiling main.c...
compiling i2c.c...
compiling freertos.c...
compiling stm32f4xx_hal_flash_ex.c...
compiling stm32f4xx_hal_rcc.c...
compiling stm32f4xx_hal_rcc_ex.c...
compiling stm32f4xx_hal_timebase_tim.c...
compiling stm32f4xx_hal_dma_ex.c...
compiling stm32f4xx_hal_adc.c...
compiling stm32f4xx_hal_gpio.c...
compiling stm32f4xx_hal_flash.c...
compiling stm32f4xx_hal_flash_ramfunc.c...
compiling stm32f4xx_hal_adc_ex.c...
compiling stm32f4xx_hal_dma.c...
compiling stm32f4xx_hal_exti.c...
compiling stm32f4xx_hal_rtc.c...
compiling stm32f4xx_hal_i2c_ex.c...
compiling stm32f4xx_hal.c...
compiling stm32f4xx_hal_pwr.c...
compiling stm32f4xx_hal_cortex.c...
compiling stm32f4xx_hal_i2c.c...
compiling stm32f4xx_hal_pwr_ex.c...
compiling stm32f4xx_hal_rtc_ex.c...
compiling stm32f4xx_hal_spi.c...
compiling stm32f4xx_hal_tim.c...
compiling ADS1115.c...
compiling system_stm32f4xx.c...
compiling temp.c...
compiling W25Qxx.c...
compiling encoder.c...
compiling 24c02.c...
compiling stm32f4xx_hal_uart.c...
compiling lv_disp.c...
compiling ILI9341.c...
compiling stm32f4xx_hal_tim_ex.c...
compiling lv_group.c...
compiling lv_refr.c...
compiling MCP4725.c...
compiling lv_indev.c...
compiling lv_obj.c...
compiling lv_style.c...
compiling lv_draw.c...
compiling lv_draw_arc.c...
compiling lv_draw_img.c...
compiling lv_draw_basic.c...
compiling lv_draw_label.c...
compiling lv_draw_line.c...
compiling lv_img_cache.c...
compiling lv_draw_triangle.c...
compiling lv_font.c...
compiling lv_img_decoder.c...
compiling lv_font_fmt_txt.c...
compiling lv_draw_rect.c...
compiling lv_font_roboto_12.c...
compiling lv_font_roboto_16.c...
compiling lv_font_roboto_22.c...
compiling lv_font_roboto_28.c...
compiling lv_font_unscii_8.c...
compiling lv_hal_disp.c...
compiling lv_hal_indev.c...
compiling lv_hal_tick.c...
compiling lv_async.c...
compiling lv_circ.c...
compiling lv_area.c...
compiling lcd.c...
compiling lv_anim.c...
compiling lv_color.c...
compiling lv_fs.c...
compiling lv_gc.c...
compiling lv_ll.c...
compiling lv_math.c...
compiling lv_log.c...
compiling lv_txt.c...
compiling lv_task.c...
compiling lv_arc.c...
compiling lv_templ.c...
compiling lv_utils.c...
compiling lv_bar.c...
compiling lv_mem.c...
compiling key.c...
compiling lv_btn.c...
compiling lv_cb.c...
compiling fan_speed.c...
compiling lv_calendar.c...
compiling lv_btnm.c...
compiling lv_cont.c...
compiling lv_ddlist.c...
compiling PID.c...
compiling rtc_time.c...
compiling lv_canvas.c...
compiling lv_gauge.c...
compiling lv_img.c...
compiling lv_chart.c...
compiling lv_objx_templ.c...
compiling lv_imgbtn.c...
compiling lv_preload.c...
compiling lv_label.c...
compiling lv_list.c...
compiling lv_page.c...
compiling lv_led.c...
compiling lv_slider.c...
compiling lv_line.c...
compiling lv_lmeter.c...
compiling lv_roller.c...
compiling lv_mbox.c...
compiling lv_kb.c...
compiling lv_spinbox.c...
compiling lv_theme.c...
compiling lv_tileview.c...
compiling lv_theme_nemo.c...
compiling lv_theme_mono.c...
compiling lv_theme_alien.c...
compiling lv_sw.c...
compiling lv_theme_default.c...
compiling lv_theme_material.c...
compiling lv_tabview.c...
compiling lv_win.c...
compiling lv_ta.c...
compiling lv_table.c...
compiling lv_theme_templ.c...
compiling lv_theme_zen.c...
compiling my_font_heiti_16.c...
compiling my_font_icon_16.c...
compiling lv_theme_night.c...
compiling my_font_icon_30.c...
compiling event_groups.c...
compiling Image.c...
compiling croutine.c...
compiling my_font_heiti_22.c...
compiling list.c...
compiling timers.c...
compiling heap_4.c...
compiling tasks.c...
compiling stream_buffer.c...
compiling queue.c...
compiling port.c...
compiling cmsis_os.c...
compiling lv_port_disp.c...
compiling lv_obj_my.c...
linking...
Program Size: Code=68372 RO-data=222576 RW-data=988 ZI-data=52740  
FromELF: creating hex file...
"Desktop\Desktop.axf" - 0 Error(s), 0 Warning(s).

<h2>Software Packages used:</h2>

Package Vendor: ARM
                http://www.keil.com/pack/ARM.CMSIS.5.8.0.pack
                ARM.CMSIS.5.8.0
                CMSIS (Common Microcontroller Software Interface Standard)
   * Component: CORE Version: 5.5.0

Package Vendor: Keil
                http://www.keil.com/pack/Keil.STM32F4xx_DFP.2.15.0.pack
                Keil.STM32F4xx_DFP.2.15.0
                STMicroelectronics STM32F4 Series Device Support, Drivers and Examples

<h2>Collection of Component include folders:</h2>
  .\RTE\_Desktop
  C:\Users\Administrator\AppData\Local\Arm\Packs\ARM\CMSIS\5.8.0\CMSIS\Core\Include
  C:\Users\Administrator\AppData\Local\Arm\Packs\Keil\STM32F4xx_DFP\2.15.0\Drivers\CMSIS\Device\ST\STM32F4xx\Include

<h2>Collection of Component Files used:</h2>

   * Component: ARM::CMSIS:CORE:5.5.0
      Include file:  CMSIS\Core\Include\tz_context.h
Build Time Elapsed:  00:00:41
</pre>
</body>
</html>
